<?xml version="1.0"?>
<link_info>
   <banner>TMS320C2000 Linker PC v6.4.9</banner>
   <copyright>Copyright (c) 1996-2015 Texas Instruments Incorporated</copyright>
   <link_time>0x565eb017</link_time>
   <link_errors>0x0</link_errors>
   <output_file>perspection_test.out</output_file>
   <entry_point>
      <name>_c_int00</name>
      <address>0xe0bb</address>
   </entry_point>
   <input_file_list>
      <input_file id="fl-5">
         <path>.\motorware\</path>
         <kind>object</kind>
         <file>CodeStartBranch.obj</file>
         <name>CodeStartBranch.obj</name>
      </input_file>
      <input_file id="fl-6">
         <path>.\motorware\</path>
         <kind>object</kind>
         <file>SPIB.obj</file>
         <name>SPIB.obj</name>
      </input_file>
      <input_file id="fl-7">
         <path>.\motorware\</path>
         <kind>object</kind>
         <file>adc.obj</file>
         <name>adc.obj</name>
      </input_file>
      <input_file id="fl-8">
         <path>.\motorware\</path>
         <kind>object</kind>
         <file>clarke.obj</file>
         <name>clarke.obj</name>
      </input_file>
      <input_file id="fl-9">
         <path>.\motorware\</path>
         <kind>object</kind>
         <file>clk.obj</file>
         <name>clk.obj</name>
      </input_file>
      <input_file id="fl-a">
         <path>.\motorware\</path>
         <kind>object</kind>
         <file>cpu.obj</file>
         <name>cpu.obj</name>
      </input_file>
      <input_file id="fl-b">
         <path>.\motorware\</path>
         <kind>object</kind>
         <file>cpu_usage.obj</file>
         <name>cpu_usage.obj</name>
      </input_file>
      <input_file id="fl-c">
         <path>.\motorware\</path>
         <kind>object</kind>
         <file>ctrlQEP.obj</file>
         <name>ctrlQEP.obj</name>
      </input_file>
      <input_file id="fl-d">
         <path>.\motorware\</path>
         <kind>object</kind>
         <file>dlog4ch.obj</file>
         <name>dlog4ch.obj</name>
      </input_file>
      <input_file id="fl-e">
         <path>.\motorware\</path>
         <kind>object</kind>
         <file>dlog4chc.obj</file>
         <name>dlog4chc.obj</name>
      </input_file>
      <input_file id="fl-f">
         <path>.\motorware\</path>
         <kind>object</kind>
         <file>drv8301.obj</file>
         <name>drv8301.obj</name>
      </input_file>
      <input_file id="fl-10">
         <path>.\motorware\</path>
         <kind>object</kind>
         <file>enc.obj</file>
         <name>enc.obj</name>
      </input_file>
      <input_file id="fl-11">
         <path>.\motorware\</path>
         <kind>object</kind>
         <file>fem.obj</file>
         <name>fem.obj</name>
      </input_file>
      <input_file id="fl-12">
         <path>.\motorware\</path>
         <kind>object</kind>
         <file>filter_fo.obj</file>
         <name>filter_fo.obj</name>
      </input_file>
      <input_file id="fl-13">
         <path>.\motorware\</path>
         <kind>object</kind>
         <file>flash.obj</file>
         <name>flash.obj</name>
      </input_file>
      <input_file id="fl-14">
         <path>.\motorware\</path>
         <kind>object</kind>
         <file>fw.obj</file>
         <name>fw.obj</name>
      </input_file>
      <input_file id="fl-15">
         <path>.\motorware\</path>
         <kind>object</kind>
         <file>gpio.obj</file>
         <name>gpio.obj</name>
      </input_file>
      <input_file id="fl-16">
         <path>.\motorware\</path>
         <kind>object</kind>
         <file>hal.obj</file>
         <name>hal.obj</name>
      </input_file>
      <input_file id="fl-17">
         <path>.\motorware\</path>
         <kind>object</kind>
         <file>ipark.obj</file>
         <name>ipark.obj</name>
      </input_file>
      <input_file id="fl-18">
         <path>.\motorware\</path>
         <kind>object</kind>
         <file>memCopy.obj</file>
         <name>memCopy.obj</name>
      </input_file>
      <input_file id="fl-19">
         <path>.\motorware\</path>
         <kind>object</kind>
         <file>offset.obj</file>
         <name>offset.obj</name>
      </input_file>
      <input_file id="fl-1a">
         <path>.\motorware\</path>
         <kind>object</kind>
         <file>osc.obj</file>
         <name>osc.obj</name>
      </input_file>
      <input_file id="fl-1b">
         <path>.\motorware\</path>
         <kind>object</kind>
         <file>park.obj</file>
         <name>park.obj</name>
      </input_file>
      <input_file id="fl-1c">
         <path>.\motorware\</path>
         <kind>object</kind>
         <file>pid.obj</file>
         <name>pid.obj</name>
      </input_file>
      <input_file id="fl-1d">
         <path>.\motorware\</path>
         <kind>object</kind>
         <file>pie.obj</file>
         <name>pie.obj</name>
      </input_file>
      <input_file id="fl-1e">
         <path>.\motorware\</path>
         <kind>object</kind>
         <file>pll.obj</file>
         <name>pll.obj</name>
      </input_file>
      <input_file id="fl-1f">
         <path>.\motorware\</path>
         <kind>object</kind>
         <file>pwm.obj</file>
         <name>pwm.obj</name>
      </input_file>
      <input_file id="fl-20">
         <path>.\motorware\</path>
         <kind>object</kind>
         <file>pwr.obj</file>
         <name>pwr.obj</name>
      </input_file>
      <input_file id="fl-21">
         <path>.\motorware\</path>
         <kind>object</kind>
         <file>qep.obj</file>
         <name>qep.obj</name>
      </input_file>
      <input_file id="fl-22">
         <path>.\motorware\</path>
         <kind>object</kind>
         <file>slip.obj</file>
         <name>slip.obj</name>
      </input_file>
      <input_file id="fl-23">
         <path>.\motorware\</path>
         <kind>object</kind>
         <file>spi.obj</file>
         <name>spi.obj</name>
      </input_file>
      <input_file id="fl-24">
         <path>.\motorware\</path>
         <kind>object</kind>
         <file>spi_slave.obj</file>
         <name>spi_slave.obj</name>
      </input_file>
      <input_file id="fl-25">
         <path>.\motorware\</path>
         <kind>object</kind>
         <file>svgen.obj</file>
         <name>svgen.obj</name>
      </input_file>
      <input_file id="fl-26">
         <path>.\motorware\</path>
         <kind>object</kind>
         <file>svgen_current.obj</file>
         <name>svgen_current.obj</name>
      </input_file>
      <input_file id="fl-27">
         <path>.\motorware\</path>
         <kind>object</kind>
         <file>timer.obj</file>
         <name>timer.obj</name>
      </input_file>
      <input_file id="fl-28">
         <path>.\motorware\</path>
         <kind>object</kind>
         <file>traj.obj</file>
         <name>traj.obj</name>
      </input_file>
      <input_file id="fl-29">
         <path>.\motorware\</path>
         <kind>object</kind>
         <file>usDelay.obj</file>
         <name>usDelay.obj</name>
      </input_file>
      <input_file id="fl-2a">
         <path>.\motorware\</path>
         <kind>object</kind>
         <file>user.obj</file>
         <name>user.obj</name>
      </input_file>
      <input_file id="fl-2b">
         <path>.\motorware\</path>
         <kind>object</kind>
         <file>wdog.obj</file>
         <name>wdog.obj</name>
      </input_file>
      <input_file id="fl-2c">
         <path>.\app\</path>
         <kind>object</kind>
         <file>main.obj</file>
         <name>main.obj</name>
      </input_file>
      <input_file id="fl-32">
         <path>C:\ti\ccsv6\tools\compiler\ti-cgt-c2000_6.4.9\lib\</path>
         <kind>archive</kind>
         <file>rts2800_ml.lib</file>
         <name>fd_mpy.obj</name>
      </input_file>
      <input_file id="fl-33">
         <path>C:\ti\ccsv6\tools\compiler\ti-cgt-c2000_6.4.9\lib\</path>
         <kind>archive</kind>
         <file>rts2800_ml.lib</file>
         <name>fd_tol.obj</name>
      </input_file>
      <input_file id="fl-34">
         <path>C:\ti\ccsv6\tools\compiler\ti-cgt-c2000_6.4.9\lib\</path>
         <kind>archive</kind>
         <file>rts2800_ml.lib</file>
         <name>fs_add.obj</name>
      </input_file>
      <input_file id="fl-35">
         <path>C:\ti\ccsv6\tools\compiler\ti-cgt-c2000_6.4.9\lib\</path>
         <kind>archive</kind>
         <file>rts2800_ml.lib</file>
         <name>fs_cmp.obj</name>
      </input_file>
      <input_file id="fl-36">
         <path>C:\ti\ccsv6\tools\compiler\ti-cgt-c2000_6.4.9\lib\</path>
         <kind>archive</kind>
         <file>rts2800_ml.lib</file>
         <name>fs_div.obj</name>
      </input_file>
      <input_file id="fl-37">
         <path>C:\ti\ccsv6\tools\compiler\ti-cgt-c2000_6.4.9\lib\</path>
         <kind>archive</kind>
         <file>rts2800_ml.lib</file>
         <name>fs_mpy.obj</name>
      </input_file>
      <input_file id="fl-38">
         <path>C:\ti\ccsv6\tools\compiler\ti-cgt-c2000_6.4.9\lib\</path>
         <kind>archive</kind>
         <file>rts2800_ml.lib</file>
         <name>fs_neg.obj</name>
      </input_file>
      <input_file id="fl-39">
         <path>C:\ti\ccsv6\tools\compiler\ti-cgt-c2000_6.4.9\lib\</path>
         <kind>archive</kind>
         <file>rts2800_ml.lib</file>
         <name>fs_tofd.obj</name>
      </input_file>
      <input_file id="fl-3a">
         <path>C:\ti\ccsv6\tools\compiler\ti-cgt-c2000_6.4.9\lib\</path>
         <kind>archive</kind>
         <file>rts2800_ml.lib</file>
         <name>fs_toi.obj</name>
      </input_file>
      <input_file id="fl-3b">
         <path>C:\ti\ccsv6\tools\compiler\ti-cgt-c2000_6.4.9\lib\</path>
         <kind>archive</kind>
         <file>rts2800_ml.lib</file>
         <name>fs_tol.obj</name>
      </input_file>
      <input_file id="fl-3c">
         <path>C:\ti\ccsv6\tools\compiler\ti-cgt-c2000_6.4.9\lib\</path>
         <kind>archive</kind>
         <file>rts2800_ml.lib</file>
         <name>fs_tou.obj</name>
      </input_file>
      <input_file id="fl-3d">
         <path>C:\ti\ccsv6\tools\compiler\ti-cgt-c2000_6.4.9\lib\</path>
         <kind>archive</kind>
         <file>rts2800_ml.lib</file>
         <name>fs_toul.obj</name>
      </input_file>
      <input_file id="fl-3e">
         <path>C:\ti\ccsv6\tools\compiler\ti-cgt-c2000_6.4.9\lib\</path>
         <kind>archive</kind>
         <file>rts2800_ml.lib</file>
         <name>i_tofs.obj</name>
      </input_file>
      <input_file id="fl-3f">
         <path>C:\ti\ccsv6\tools\compiler\ti-cgt-c2000_6.4.9\lib\</path>
         <kind>archive</kind>
         <file>rts2800_ml.lib</file>
         <name>u_tofd.obj</name>
      </input_file>
      <input_file id="fl-40">
         <path>C:\ti\ccsv6\tools\compiler\ti-cgt-c2000_6.4.9\lib\</path>
         <kind>archive</kind>
         <file>rts2800_ml.lib</file>
         <name>u_tofs.obj</name>
      </input_file>
      <input_file id="fl-41">
         <path>C:\ti\ccsv6\tools\compiler\ti-cgt-c2000_6.4.9\lib\</path>
         <kind>archive</kind>
         <file>rts2800_ml.lib</file>
         <name>ul_tofs.obj</name>
      </input_file>
      <input_file id="fl-42">
         <path>C:\ti\motorware\motorware_1_01_00_15\sw\modules\fast\lib\32b\f28x\f2806x\</path>
         <kind>archive</kind>
         <file>2806xRevB_FastSpinROMSymbols.lib</file>
         <name>TMS320x2806x_REVB_boot_rom_out__CTRL_getVersion_tmp.obj</name>
      </input_file>
      <input_file id="fl-43">
         <path>C:\ti\motorware\motorware_1_01_00_15\sw\modules\fast\lib\32b\f28x\f2806x\</path>
         <kind>archive</kind>
         <file>2806xRevB_FastSpinROMSymbols.lib</file>
         <name>TMS320x2806x_REVB_boot_rom_out__CTRL_initCtrl_tmp.obj</name>
      </input_file>
      <input_file id="fl-44">
         <path>C:\ti\motorware\motorware_1_01_00_15\sw\modules\fast\lib\32b\f28x\f2806x\</path>
         <kind>archive</kind>
         <file>2806xRevB_FastSpinROMSymbols.lib</file>
         <name>TMS320x2806x_REVB_boot_rom_out__CTRL_runTraj_tmp.obj</name>
      </input_file>
      <input_file id="fl-45">
         <path>C:\ti\motorware\motorware_1_01_00_15\sw\modules\fast\lib\32b\f28x\f2806x\</path>
         <kind>archive</kind>
         <file>2806xRevB_FastSpinROMSymbols.lib</file>
         <name>TMS320x2806x_REVB_boot_rom_out__CTRL_setEstParams_tmp.obj</name>
      </input_file>
      <input_file id="fl-46">
         <path>C:\ti\motorware\motorware_1_01_00_15\sw\modules\fast\lib\32b\f28x\f2806x\</path>
         <kind>archive</kind>
         <file>2806xRevB_FastSpinROMSymbols.lib</file>
         <name>TMS320x2806x_REVB_boot_rom_out__CTRL_setUserMotorParams_tmp.obj</name>
      </input_file>
      <input_file id="fl-47">
         <path>C:\ti\motorware\motorware_1_01_00_15\sw\modules\fast\lib\32b\f28x\f2806x\</path>
         <kind>archive</kind>
         <file>2806xRevB_FastSpinROMSymbols.lib</file>
         <name>TMS320x2806x_REVB_boot_rom_out__CTRL_setupCtrl_tmp.obj</name>
      </input_file>
      <input_file id="fl-48">
         <path>C:\ti\motorware\motorware_1_01_00_15\sw\modules\fast\lib\32b\f28x\f2806x\</path>
         <kind>archive</kind>
         <file>2806xRevB_FastSpinROMSymbols.lib</file>
         <name>TMS320x2806x_REVB_boot_rom_out__CTRL_setupEstIdleState_tmp.obj</name>
      </input_file>
      <input_file id="fl-49">
         <path>C:\ti\motorware\motorware_1_01_00_15\sw\modules\fast\lib\32b\f28x\f2806x\</path>
         <kind>archive</kind>
         <file>2806xRevB_FastSpinROMSymbols.lib</file>
         <name>TMS320x2806x_REVB_boot_rom_out__CTRL_setupEstOnLineState_tmp.obj</name>
      </input_file>
      <input_file id="fl-4a">
         <path>C:\ti\motorware\motorware_1_01_00_15\sw\modules\fast\lib\32b\f28x\f2806x\</path>
         <kind>archive</kind>
         <file>2806xRevB_FastSpinROMSymbols.lib</file>
         <name>TMS320x2806x_REVB_boot_rom_out__CTRL_setupTraj_tmp.obj</name>
      </input_file>
      <input_file id="fl-4b">
         <path>C:\ti\motorware\motorware_1_01_00_15\sw\modules\fast\lib\32b\f28x\f2806x\</path>
         <kind>archive</kind>
         <file>2806xRevB_FastSpinROMSymbols.lib</file>
         <name>TMS320x2806x_REVB_boot_rom_out__EST_doCurrentCtrl_tmp.obj</name>
      </input_file>
      <input_file id="fl-4c">
         <path>C:\ti\motorware\motorware_1_01_00_15\sw\modules\fast\lib\32b\f28x\f2806x\</path>
         <kind>archive</kind>
         <file>2806xRevB_FastSpinROMSymbols.lib</file>
         <name>TMS320x2806x_REVB_boot_rom_out__EST_doSpeedCtrl_tmp.obj</name>
      </input_file>
      <input_file id="fl-4d">
         <path>C:\ti\motorware\motorware_1_01_00_15\sw\modules\fast\lib\32b\f28x\f2806x\</path>
         <kind>archive</kind>
         <file>2806xRevB_FastSpinROMSymbols.lib</file>
         <name>TMS320x2806x_REVB_boot_rom_out__EST_getAngle_pu_tmp.obj</name>
      </input_file>
      <input_file id="fl-4e">
         <path>C:\ti\motorware\motorware_1_01_00_15\sw\modules\fast\lib\32b\f28x\f2806x\</path>
         <kind>archive</kind>
         <file>2806xRevB_FastSpinROMSymbols.lib</file>
         <name>TMS320x2806x_REVB_boot_rom_out__EST_getFlux_VpHz_tmp.obj</name>
      </input_file>
      <input_file id="fl-4f">
         <path>C:\ti\motorware\motorware_1_01_00_15\sw\modules\fast\lib\32b\f28x\f2806x\</path>
         <kind>archive</kind>
         <file>2806xRevB_FastSpinROMSymbols.lib</file>
         <name>TMS320x2806x_REVB_boot_rom_out__EST_getFlux_pu_tmp.obj</name>
      </input_file>
      <input_file id="fl-50">
         <path>C:\ti\motorware\motorware_1_01_00_15\sw\modules\fast\lib\32b\f28x\f2806x\</path>
         <kind>archive</kind>
         <file>2806xRevB_FastSpinROMSymbols.lib</file>
         <name>TMS320x2806x_REVB_boot_rom_out__EST_getFm_pu_tmp.obj</name>
      </input_file>
      <input_file id="fl-51">
         <path>C:\ti\motorware\motorware_1_01_00_15\sw\modules\fast\lib\32b\f28x\f2806x\</path>
         <kind>archive</kind>
         <file>2806xRevB_FastSpinROMSymbols.lib</file>
         <name>TMS320x2806x_REVB_boot_rom_out__EST_getIdRated_tmp.obj</name>
      </input_file>
      <input_file id="fl-52">
         <path>C:\ti\motorware\motorware_1_01_00_15\sw\modules\fast\lib\32b\f28x\f2806x\</path>
         <kind>archive</kind>
         <file>2806xRevB_FastSpinROMSymbols.lib</file>
         <name>TMS320x2806x_REVB_boot_rom_out__EST_getLs_coarse_max_pu_tmp.obj</name>
      </input_file>
      <input_file id="fl-53">
         <path>C:\ti\motorware\motorware_1_01_00_15\sw\modules\fast\lib\32b\f28x\f2806x\</path>
         <kind>archive</kind>
         <file>2806xRevB_FastSpinROMSymbols.lib</file>
         <name>TMS320x2806x_REVB_boot_rom_out__EST_getLs_d_H_tmp.obj</name>
      </input_file>
      <input_file id="fl-54">
         <path>C:\ti\motorware\motorware_1_01_00_15\sw\modules\fast\lib\32b\f28x\f2806x\</path>
         <kind>archive</kind>
         <file>2806xRevB_FastSpinROMSymbols.lib</file>
         <name>TMS320x2806x_REVB_boot_rom_out__EST_getLs_d_pu_tmp.obj</name>
      </input_file>
      <input_file id="fl-55">
         <path>C:\ti\motorware\motorware_1_01_00_15\sw\modules\fast\lib\32b\f28x\f2806x\</path>
         <kind>archive</kind>
         <file>2806xRevB_FastSpinROMSymbols.lib</file>
         <name>TMS320x2806x_REVB_boot_rom_out__EST_getLs_q_H_tmp.obj</name>
      </input_file>
      <input_file id="fl-56">
         <path>C:\ti\motorware\motorware_1_01_00_15\sw\modules\fast\lib\32b\f28x\f2806x\</path>
         <kind>archive</kind>
         <file>2806xRevB_FastSpinROMSymbols.lib</file>
         <name>TMS320x2806x_REVB_boot_rom_out__EST_getLs_q_pu_tmp.obj</name>
      </input_file>
      <input_file id="fl-57">
         <path>C:\ti\motorware\motorware_1_01_00_15\sw\modules\fast\lib\32b\f28x\f2806x\</path>
         <kind>archive</kind>
         <file>2806xRevB_FastSpinROMSymbols.lib</file>
         <name>TMS320x2806x_REVB_boot_rom_out__EST_getOneOverDcBus_pu_tmp.obj</name>
      </input_file>
      <input_file id="fl-58">
         <path>C:\ti\motorware\motorware_1_01_00_15\sw\modules\fast\lib\32b\f28x\f2806x\</path>
         <kind>archive</kind>
         <file>2806xRevB_FastSpinROMSymbols.lib</file>
         <name>TMS320x2806x_REVB_boot_rom_out__EST_getRr_Ohm_tmp.obj</name>
      </input_file>
      <input_file id="fl-59">
         <path>C:\ti\motorware\motorware_1_01_00_15\sw\modules\fast\lib\32b\f28x\f2806x\</path>
         <kind>archive</kind>
         <file>2806xRevB_FastSpinROMSymbols.lib</file>
         <name>TMS320x2806x_REVB_boot_rom_out__EST_getRs_Ohm_tmp.obj</name>
      </input_file>
      <input_file id="fl-5a">
         <path>C:\ti\motorware\motorware_1_01_00_15\sw\modules\fast\lib\32b\f28x\f2806x\</path>
         <kind>archive</kind>
         <file>2806xRevB_FastSpinROMSymbols.lib</file>
         <name>TMS320x2806x_REVB_boot_rom_out__EST_getState_tmp.obj</name>
      </input_file>
      <input_file id="fl-5b">
         <path>C:\ti\motorware\motorware_1_01_00_15\sw\modules\fast\lib\32b\f28x\f2806x\</path>
         <kind>archive</kind>
         <file>2806xRevB_FastSpinROMSymbols.lib</file>
         <name>TMS320x2806x_REVB_boot_rom_out__EST_get_krpm_to_pu_sf_tmp.obj</name>
      </input_file>
      <input_file id="fl-5c">
         <path>C:\ti\motorware\motorware_1_01_00_15\sw\modules\fast\lib\32b\f28x\f2806x\</path>
         <kind>archive</kind>
         <file>2806xRevB_FastSpinROMSymbols.lib</file>
         <name>TMS320x2806x_REVB_boot_rom_out__EST_isError_tmp.obj</name>
      </input_file>
      <input_file id="fl-5d">
         <path>C:\ti\motorware\motorware_1_01_00_15\sw\modules\fast\lib\32b\f28x\f2806x\</path>
         <kind>archive</kind>
         <file>2806xRevB_FastSpinROMSymbols.lib</file>
         <name>TMS320x2806x_REVB_boot_rom_out__EST_isIdle_tmp.obj</name>
      </input_file>
      <input_file id="fl-5e">
         <path>C:\ti\motorware\motorware_1_01_00_15\sw\modules\fast\lib\32b\f28x\f2806x\</path>
         <kind>archive</kind>
         <file>2806xRevB_FastSpinROMSymbols.lib</file>
         <name>TMS320x2806x_REVB_boot_rom_out__EST_isLockRotor_tmp.obj</name>
      </input_file>
      <input_file id="fl-5f">
         <path>C:\ti\motorware\motorware_1_01_00_15\sw\modules\fast\lib\32b\f28x\f2806x\</path>
         <kind>archive</kind>
         <file>2806xRevB_FastSpinROMSymbols.lib</file>
         <name>TMS320x2806x_REVB_boot_rom_out__EST_isMotorIdentified_tmp.obj</name>
      </input_file>
      <input_file id="fl-60">
         <path>C:\ti\motorware\motorware_1_01_00_15\sw\modules\fast\lib\32b\f28x\f2806x\</path>
         <kind>archive</kind>
         <file>2806xRevB_FastSpinROMSymbols.lib</file>
         <name>TMS320x2806x_REVB_boot_rom_out__EST_isOnLine_tmp.obj</name>
      </input_file>
      <input_file id="fl-61">
         <path>C:\ti\motorware\motorware_1_01_00_15\sw\modules\fast\lib\32b\f28x\f2806x\</path>
         <kind>archive</kind>
         <file>2806xRevB_FastSpinROMSymbols.lib</file>
         <name>TMS320x2806x_REVB_boot_rom_out__EST_run_tmp.obj</name>
      </input_file>
      <input_file id="fl-62">
         <path>C:\ti\motorware\motorware_1_01_00_15\sw\modules\fast\lib\32b\f28x\f2806x\</path>
         <kind>archive</kind>
         <file>2806xRevB_FastSpinROMSymbols.lib</file>
         <name>TMS320x2806x_REVB_boot_rom_out__EST_setId_ref_pu_tmp.obj</name>
      </input_file>
      <input_file id="fl-63">
         <path>C:\ti\motorware\motorware_1_01_00_15\sw\modules\fast\lib\32b\f28x\f2806x\</path>
         <kind>archive</kind>
         <file>2806xRevB_FastSpinROMSymbols.lib</file>
         <name>TMS320x2806x_REVB_boot_rom_out__EST_setIdle_tmp.obj</name>
      </input_file>
      <input_file id="fl-64">
         <path>C:\ti\motorware\motorware_1_01_00_15\sw\modules\fast\lib\32b\f28x\f2806x\</path>
         <kind>archive</kind>
         <file>2806xRevB_FastSpinROMSymbols.lib</file>
         <name>TMS320x2806x_REVB_boot_rom_out__EST_setIdle_all_tmp.obj</name>
      </input_file>
      <input_file id="fl-65">
         <path>C:\ti\motorware\motorware_1_01_00_15\sw\modules\fast\lib\32b\f28x\f2806x\</path>
         <kind>archive</kind>
         <file>2806xRevB_FastSpinROMSymbols.lib</file>
         <name>TMS320x2806x_REVB_boot_rom_out__EST_setIq_ref_pu_tmp.obj</name>
      </input_file>
      <input_file id="fl-66">
         <path>C:\ti\motorware\motorware_1_01_00_15\sw\modules\fast\lib\32b\f28x\f2806x\</path>
         <kind>archive</kind>
         <file>2806xRevB_FastSpinROMSymbols.lib</file>
         <name>TMS320x2806x_REVB_boot_rom_out__EST_setLs_d_pu_tmp.obj</name>
      </input_file>
      <input_file id="fl-67">
         <path>C:\ti\motorware\motorware_1_01_00_15\sw\modules\fast\lib\32b\f28x\f2806x\</path>
         <kind>archive</kind>
         <file>2806xRevB_FastSpinROMSymbols.lib</file>
         <name>TMS320x2806x_REVB_boot_rom_out__EST_setLs_qFmt_tmp.obj</name>
      </input_file>
      <input_file id="fl-68">
         <path>C:\ti\motorware\motorware_1_01_00_15\sw\modules\fast\lib\32b\f28x\f2806x\</path>
         <kind>archive</kind>
         <file>2806xRevB_FastSpinROMSymbols.lib</file>
         <name>TMS320x2806x_REVB_boot_rom_out__EST_setLs_q_pu_tmp.obj</name>
      </input_file>
      <input_file id="fl-69">
         <path>C:\ti\motorware\motorware_1_01_00_15\sw\modules\fast\lib\32b\f28x\f2806x\</path>
         <kind>archive</kind>
         <file>2806xRevB_FastSpinROMSymbols.lib</file>
         <name>TMS320x2806x_REVB_boot_rom_out__EST_setRs_pu_tmp.obj</name>
      </input_file>
      <input_file id="fl-6a">
         <path>C:\ti\motorware\motorware_1_01_00_15\sw\modules\fast\lib\32b\f28x\f2806x\</path>
         <kind>archive</kind>
         <file>2806xRevB_FastSpinROMSymbols.lib</file>
         <name>TMS320x2806x_REVB_boot_rom_out__EST_updateId_ref_pu_tmp.obj</name>
      </input_file>
      <input_file id="fl-6b">
         <path>C:\ti\motorware\motorware_1_01_00_15\sw\modules\fast\lib\32b\f28x\f2806x\</path>
         <kind>archive</kind>
         <file>2806xRevB_FastSpinROMSymbols.lib</file>
         <name>TMS320x2806x_REVB_boot_rom_out__EST_updateState_tmp.obj</name>
      </input_file>
      <input_file id="fl-6c">
         <path>C:\ti\motorware\motorware_1_01_00_15\sw\modules\fast\lib\32b\f28x\f2806x\</path>
         <kind>archive</kind>
         <file>2806xRevB_FastSpinROMSymbols.lib</file>
         <name>TMS320x2806x_REVB_boot_rom_out__EST_useZeroIq_ref_tmp.obj</name>
      </input_file>
      <input_file id="fl-6d">
         <path>C:\ti\motorware\motorware_1_01_00_15\sw\modules\spintac\lib\32b\</path>
         <kind>archive</kind>
         <file>SpinTAC.lib</file>
         <name>spintac_pos_conv.obj</name>
      </input_file>
      <input_file id="fl-6e">
         <path>C:\ti\ccsv6\tools\compiler\ti-cgt-c2000_6.4.9\lib\</path>
         <kind>archive</kind>
         <file>rts2800_ml.lib</file>
         <name>l_tofd.obj</name>
      </input_file>
      <input_file id="fl-6f">
         <path>C:\ti\motorware\motorware_1_01_00_15\sw\modules\spintac\lib\32b\</path>
         <kind>archive</kind>
         <file>SpinTAC.lib</file>
         <name>spintac_pos_ctl.obj</name>
      </input_file>
      <input_file id="fl-70">
         <path>C:\ti\motorware\motorware_1_01_00_15\sw\modules\spintac\lib\32b\</path>
         <kind>archive</kind>
         <file>SpinTAC.lib</file>
         <name>spintac_pos_move.obj</name>
      </input_file>
      <input_file id="fl-71">
         <path>C:\ti\ccsv6\tools\compiler\ti-cgt-c2000_6.4.9\lib\</path>
         <kind>archive</kind>
         <file>rts2800_ml.lib</file>
         <name>l_div.obj</name>
      </input_file>
      <input_file id="fl-72">
         <path>C:\ti\ccsv6\tools\compiler\ti-cgt-c2000_6.4.9\lib\</path>
         <kind>archive</kind>
         <file>rts2800_ml.lib</file>
         <name>l_tofs.obj</name>
      </input_file>
      <input_file id="fl-73">
         <path>C:\ti\ccsv6\tools\compiler\ti-cgt-c2000_6.4.9\lib\</path>
         <kind>archive</kind>
         <file>rts2800_ml.lib</file>
         <name>ul_tofd.obj</name>
      </input_file>
      <input_file id="fl-74">
         <path>C:\ti\motorware\motorware_1_01_00_15\sw\modules\spintac\lib\32b\</path>
         <kind>archive</kind>
         <file>SpinTAC.lib</file>
         <name>spintac_pos_plan.obj</name>
      </input_file>
      <input_file id="fl-75">
         <path>C:\ti\motorware\motorware_1_01_00_15\sw\modules\spintac\lib\32b\</path>
         <kind>archive</kind>
         <file>SpinTAC.lib</file>
         <name>spintac_pos_roadd.obj</name>
      </input_file>
      <input_file id="fl-76">
         <path>C:\ti\motorware\motorware_1_01_00_15\sw\modules\spintac\lib\32b\</path>
         <kind>archive</kind>
         <file>SpinTAC.lib</file>
         <name>spintac_version.obj</name>
      </input_file>
      <input_file id="fl-77">
         <path>C:\ti\motorware\motorware_1_01_00_15\sw\modules\iqmath\lib\f28x\32b\</path>
         <kind>archive</kind>
         <file>IQmath.lib</file>
         <name>IQ20div.obj</name>
      </input_file>
      <input_file id="fl-78">
         <path>C:\ti\motorware\motorware_1_01_00_15\sw\modules\iqmath\lib\f28x\32b\</path>
         <kind>archive</kind>
         <file>IQmath.lib</file>
         <name>IQmathTables.obj</name>
      </input_file>
      <input_file id="fl-79">
         <path>C:\ti\motorware\motorware_1_01_00_15\sw\modules\iqmath\lib\f28x\32b\</path>
         <kind>archive</kind>
         <file>IQmath.lib</file>
         <name>IQ20exp.obj</name>
      </input_file>
      <input_file id="fl-7a">
         <path>C:\ti\motorware\motorware_1_01_00_15\sw\modules\iqmath\lib\f28x\32b\</path>
         <kind>archive</kind>
         <file>IQmath.lib</file>
         <name>IQNexpTable.obj</name>
      </input_file>
      <input_file id="fl-7b">
         <path>C:\ti\motorware\motorware_1_01_00_15\sw\modules\iqmath\lib\f28x\32b\</path>
         <kind>archive</kind>
         <file>IQmathLog.lib</file>
         <name>IQ20log.obj</name>
      </input_file>
      <input_file id="fl-7c">
         <path>C:\ti\motorware\motorware_1_01_00_15\sw\modules\iqmath\lib\f28x\32b\</path>
         <kind>archive</kind>
         <file>IQmath.lib</file>
         <name>IQ20sqrt.obj</name>
      </input_file>
      <input_file id="fl-7d">
         <path>C:\ti\motorware\motorware_1_01_00_15\sw\modules\iqmath\lib\f28x\32b\</path>
         <kind>archive</kind>
         <file>IQmath.lib</file>
         <name>IQ24cosPU.obj</name>
      </input_file>
      <input_file id="fl-7e">
         <path>C:\ti\motorware\motorware_1_01_00_15\sw\modules\iqmath\lib\f28x\32b\</path>
         <kind>archive</kind>
         <file>IQmath.lib</file>
         <name>IQ24div.obj</name>
      </input_file>
      <input_file id="fl-7f">
         <path>C:\ti\motorware\motorware_1_01_00_15\sw\modules\iqmath\lib\f28x\32b\</path>
         <kind>archive</kind>
         <file>IQmath.lib</file>
         <name>IQ24exp.obj</name>
      </input_file>
      <input_file id="fl-80">
         <path>C:\ti\motorware\motorware_1_01_00_15\sw\modules\iqmath\lib\f28x\32b\</path>
         <kind>archive</kind>
         <file>IQmath.lib</file>
         <name>IQ24frac.obj</name>
      </input_file>
      <input_file id="fl-81">
         <path>C:\ti\motorware\motorware_1_01_00_15\sw\modules\iqmath\lib\f28x\32b\</path>
         <kind>archive</kind>
         <file>IQmath.lib</file>
         <name>IQ24int.obj</name>
      </input_file>
      <input_file id="fl-82">
         <path>C:\ti\motorware\motorware_1_01_00_15\sw\modules\iqmath\lib\f28x\32b\</path>
         <kind>archive</kind>
         <file>IQmathLog.lib</file>
         <name>IQ24log.obj</name>
      </input_file>
      <input_file id="fl-83">
         <path>C:\ti\motorware\motorware_1_01_00_15\sw\modules\iqmath\lib\f28x\32b\</path>
         <kind>archive</kind>
         <file>IQmath.lib</file>
         <name>IQ24sinPU.obj</name>
      </input_file>
      <input_file id="fl-84">
         <path>C:\ti\motorware\motorware_1_01_00_15\sw\modules\iqmath\lib\f28x\32b\</path>
         <kind>archive</kind>
         <file>IQmath.lib</file>
         <name>IQ24sqrt.obj</name>
      </input_file>
      <input_file id="fl-85">
         <path>C:\ti\motorware\motorware_1_01_00_15\sw\modules\iqmath\lib\f28x\32b\</path>
         <kind>archive</kind>
         <file>IQmath.lib</file>
         <name>IQ30toF.obj</name>
      </input_file>
      <input_file id="fl-86">
         <path>C:\ti\ccsv6\tools\compiler\ti-cgt-c2000_6.4.9\lib\</path>
         <kind>archive</kind>
         <file>rts2800_ml.lib</file>
         <name>boot.obj</name>
      </input_file>
      <input_file id="fl-87">
         <path>C:\ti\ccsv6\tools\compiler\ti-cgt-c2000_6.4.9\lib\</path>
         <kind>archive</kind>
         <file>rts2800_ml.lib</file>
         <name>args_main.obj</name>
      </input_file>
      <input_file id="fl-88">
         <path>C:\ti\ccsv6\tools\compiler\ti-cgt-c2000_6.4.9\lib\</path>
         <kind>archive</kind>
         <file>rts2800_ml.lib</file>
         <name>cos.obj</name>
      </input_file>
      <input_file id="fl-89">
         <path>C:\ti\ccsv6\tools\compiler\ti-cgt-c2000_6.4.9\lib\</path>
         <kind>archive</kind>
         <file>rts2800_ml.lib</file>
         <name>exit.obj</name>
      </input_file>
      <input_file id="fl-8a">
         <path>C:\ti\ccsv6\tools\compiler\ti-cgt-c2000_6.4.9\lib\</path>
         <kind>archive</kind>
         <file>rts2800_ml.lib</file>
         <name>_lock.obj</name>
      </input_file>
      <input_file id="fl-8b">
         <path>C:\ti\ccsv6\tools\compiler\ti-cgt-c2000_6.4.9\lib\</path>
         <kind>archive</kind>
         <file>rts2800_ml.lib</file>
         <name>log.obj</name>
      </input_file>
      <input_file id="fl-8c">
         <path>C:\ti\ccsv6\tools\compiler\ti-cgt-c2000_6.4.9\lib\</path>
         <kind>archive</kind>
         <file>rts2800_ml.lib</file>
         <name>errno.obj</name>
      </input_file>
      <input_file id="fl-8d">
         <path>C:\ti\ccsv6\tools\compiler\ti-cgt-c2000_6.4.9\lib\</path>
         <kind>archive</kind>
         <file>rts2800_ml.lib</file>
         <name>frexp.obj</name>
      </input_file>
      <input_file id="fl-8e">
         <path>C:\ti\ccsv6\tools\compiler\ti-cgt-c2000_6.4.9\lib\</path>
         <kind>archive</kind>
         <file>rts2800_ml.lib</file>
         <name>modf.obj</name>
      </input_file>
      <input_file id="fl-8f">
         <path>C:\ti\ccsv6\tools\compiler\ti-cgt-c2000_6.4.9\lib\</path>
         <kind>archive</kind>
         <file>rts2800_ml.lib</file>
         <name>pow.obj</name>
      </input_file>
      <input_file id="fl-90">
         <path>C:\ti\ccsv6\tools\compiler\ti-cgt-c2000_6.4.9\lib\</path>
         <kind>archive</kind>
         <file>rts2800_ml.lib</file>
         <name>i_div.obj</name>
      </input_file>
      <input_file id="fl-91">
         <path>C:\ti\ccsv6\tools\compiler\ti-cgt-c2000_6.4.9\lib\</path>
         <kind>archive</kind>
         <file>rts2800_ml.lib</file>
         <name>_log.obj</name>
      </input_file>
      <input_file id="fl-92">
         <path>C:\ti\ccsv6\tools\compiler\ti-cgt-c2000_6.4.9\lib\</path>
         <kind>archive</kind>
         <file>rts2800_ml.lib</file>
         <name>exp.obj</name>
      </input_file>
      <input_file id="fl-93">
         <path>C:\ti\ccsv6\tools\compiler\ti-cgt-c2000_6.4.9\lib\</path>
         <kind>archive</kind>
         <file>rts2800_ml.lib</file>
         <name>ldexp.obj</name>
      </input_file>
      <input_file id="fl-94">
         <path>C:\ti\motorware\motorware_1_01_00_15\sw\modules\fast\lib\32b\f28x\f2806x\</path>
         <kind>archive</kind>
         <file>2806xRevB_FastSpinROMSymbols.lib</file>
         <name>TMS320x2806x_REVB_boot_rom_out__s0_calc_tmp.obj</name>
      </input_file>
      <input_file id="fl-95">
         <path>C:\ti\motorware\motorware_1_01_00_15\sw\modules\fast\lib\32b\f28x\f2806x\</path>
         <kind>archive</kind>
         <file>2806xRevB_FastSpinROMSymbols.lib</file>
         <name>TMS320x2806x_REVB_boot_rom_out__s0_conf_tmp.obj</name>
      </input_file>
      <input_file id="fl-96">
         <path>C:\ti\motorware\motorware_1_01_00_15\sw\modules\fast\lib\32b\f28x\f2806x\</path>
         <kind>archive</kind>
         <file>2806xRevB_FastSpinROMSymbols.lib</file>
         <name>TMS320x2806x_REVB_boot_rom_out__s1_calc_tmp.obj</name>
      </input_file>
      <input_file id="fl-97">
         <path>C:\ti\motorware\motorware_1_01_00_15\sw\modules\fast\lib\32b\f28x\f2806x\</path>
         <kind>archive</kind>
         <file>2806xRevB_FastSpinROMSymbols.lib</file>
         <name>TMS320x2806x_REVB_boot_rom_out__s2_calc_tmp.obj</name>
      </input_file>
      <input_file id="fl-98">
         <path>C:\ti\motorware\motorware_1_01_00_15\sw\modules\fast\lib\32b\f28x\f2806x\</path>
         <kind>archive</kind>
         <file>2806xRevB_FastSpinROMSymbols.lib</file>
         <name>TMS320x2806x_REVB_boot_rom_out__s4_calc_tmp.obj</name>
      </input_file>
      <input_file id="fl-99">
         <path>C:\ti\motorware\motorware_1_01_00_15\sw\modules\fast\lib\32b\f28x\f2806x\</path>
         <kind>archive</kind>
         <file>2806xRevB_FastSpinROMSymbols.lib</file>
         <name>TMS320x2806x_REVB_boot_rom_out__s4_conf_tmp.obj</name>
      </input_file>
      <input_file id="fl-9a">
         <path>C:\ti\motorware\motorware_1_01_00_15\sw\modules\fast\lib\32b\f28x\f2806x\</path>
         <kind>archive</kind>
         <file>2806xRevB_FastSpinROMSymbols.lib</file>
         <name>TMS320x2806x_REVB_boot_rom_out__s4_reset_tmp.obj</name>
      </input_file>
      <input_file id="fl-9b">
         <path>C:\ti\motorware\motorware_1_01_00_15\sw\modules\fast\lib\32b\f28x\f2806x\</path>
         <kind>archive</kind>
         <file>2806xRevB_FastSpinROMSymbols.lib</file>
         <name>TMS320x2806x_REVB_boot_rom_out__spintac_rom_ver_tmp.obj</name>
      </input_file>
      <input_file id="fl-9c">
         <path>C:\ti\ccsv6\tools\compiler\ti-cgt-c2000_6.4.9\lib\</path>
         <kind>archive</kind>
         <file>rts2800_ml.lib</file>
         <name>sqrt.obj</name>
      </input_file>
   </input_file_list>
   <object_component_list>
      <object_component id="oc-15">
         <name>codestart</name>
         <load_address>0x0</load_address>
         <run_address>0x0</run_address>
         <size>0x2</size>
         <input_file_ref idref="fl-5"/>
      </object_component>
      <object_component id="oc-1d0">
         <name>ramfuncs</name>
         <load_address>0x14f</load_address>
         <run_address>0x14f</run_address>
         <size>0x6a</size>
         <input_file_ref idref="fl-13"/>
      </object_component>
      <object_component id="oc-d2">
         <name>ramfuncs</name>
         <load_address>0x1b9</load_address>
         <run_address>0x1b9</run_address>
         <size>0x4</size>
         <input_file_ref idref="fl-29"/>
      </object_component>
      <object_component id="oc-1b0">
         <name>.text</name>
         <load_address>0x8000</load_address>
         <run_address>0x8000</run_address>
         <size>0x14df</size>
         <input_file_ref idref="fl-16"/>
      </object_component>
      <object_component id="oc-1b2">
         <name>.text</name>
         <load_address>0x94df</load_address>
         <run_address>0x94df</run_address>
         <size>0x1061</size>
         <input_file_ref idref="fl-c"/>
      </object_component>
      <object_component id="oc-1af">
         <name>.text</name>
         <load_address>0xa540</load_address>
         <run_address>0xa540</run_address>
         <size>0xae3</size>
         <input_file_ref idref="fl-2c"/>
      </object_component>
      <object_component id="oc-1c8">
         <name>.text</name>
         <load_address>0xb023</load_address>
         <run_address>0xb023</run_address>
         <size>0x66b</size>
         <input_file_ref idref="fl-1f"/>
      </object_component>
      <object_component id="oc-1bb">
         <name>.text</name>
         <load_address>0xb68e</load_address>
         <run_address>0xb68e</run_address>
         <size>0x5fb</size>
         <input_file_ref idref="fl-2a"/>
      </object_component>
      <object_component id="oc-1c7">
         <name>.text</name>
         <load_address>0xbc89</load_address>
         <run_address>0xbc89</run_address>
         <size>0x42a</size>
         <input_file_ref idref="fl-f"/>
      </object_component>
      <object_component id="oc-1bf">
         <name>.text:_STPOSCTL_run</name>
         <load_address>0xc0b3</load_address>
         <run_address>0xc0b3</run_address>
         <size>0x337</size>
         <input_file_ref idref="fl-6f"/>
      </object_component>
      <object_component id="oc-1b5">
         <name>.text</name>
         <load_address>0xc3ea</load_address>
         <run_address>0xc3ea</run_address>
         <size>0x332</size>
         <input_file_ref idref="fl-15"/>
      </object_component>
      <object_component id="oc-1c1">
         <name>.text</name>
         <load_address>0xc71c</load_address>
         <run_address>0xc71c</run_address>
         <size>0x31e</size>
         <input_file_ref idref="fl-9"/>
      </object_component>
      <object_component id="oc-1c2">
         <name>.text</name>
         <load_address>0xca3a</load_address>
         <run_address>0xca3a</run_address>
         <size>0x2e4</size>
         <input_file_ref idref="fl-7"/>
      </object_component>
      <object_component id="oc-1b1">
         <name>.text</name>
         <load_address>0xcd1e</load_address>
         <run_address>0xcd1e</run_address>
         <size>0x26b</size>
         <input_file_ref idref="fl-10"/>
      </object_component>
      <object_component id="oc-1c6">
         <name>.text</name>
         <load_address>0xcf89</load_address>
         <run_address>0xcf89</run_address>
         <size>0x1fd</size>
         <input_file_ref idref="fl-1d"/>
      </object_component>
      <object_component id="oc-1be">
         <name>.text:_STPOSCONV_run</name>
         <load_address>0xd186</load_address>
         <run_address>0xd186</run_address>
         <size>0x1ec</size>
         <input_file_ref idref="fl-6d"/>
      </object_component>
      <object_component id="oc-1cc">
         <name>.text</name>
         <load_address>0xd372</load_address>
         <run_address>0xd372</run_address>
         <size>0x1d9</size>
         <input_file_ref idref="fl-23"/>
      </object_component>
      <object_component id="oc-e5">
         <name>.text:retain</name>
         <load_address>0xd54b</load_address>
         <run_address>0xd54b</run_address>
         <size>0xc5</size>
         <input_file_ref idref="fl-2c"/>
      </object_component>
      <object_component id="oc-1cb">
         <name>.text</name>
         <load_address>0xd610</load_address>
         <run_address>0xd610</run_address>
         <size>0xc1</size>
         <input_file_ref idref="fl-1e"/>
      </object_component>
      <object_component id="oc-1d5">
         <name>.text</name>
         <load_address>0xd6d1</load_address>
         <run_address>0xd6d1</run_address>
         <size>0xad</size>
         <input_file_ref idref="fl-8b"/>
      </object_component>
      <object_component id="oc-1dd">
         <name>.text</name>
         <load_address>0xd77e</load_address>
         <run_address>0xd77e</run_address>
         <size>0x9f</size>
         <input_file_ref idref="fl-92"/>
      </object_component>
      <object_component id="oc-1bd">
         <name>.text</name>
         <load_address>0xd81d</load_address>
         <run_address>0xd81d</run_address>
         <size>0x91</size>
         <input_file_ref idref="fl-88"/>
      </object_component>
      <object_component id="oc-1dc">
         <name>.text</name>
         <load_address>0xd8ae</load_address>
         <run_address>0xd8ae</run_address>
         <size>0x8f</size>
         <input_file_ref idref="fl-91"/>
      </object_component>
      <object_component id="oc-1c4">
         <name>.text</name>
         <load_address>0xd93d</load_address>
         <run_address>0xd93d</run_address>
         <size>0x8c</size>
         <input_file_ref idref="fl-2b"/>
      </object_component>
      <object_component id="oc-1d6">
         <name>.text</name>
         <load_address>0xd9c9</load_address>
         <run_address>0xd9c9</run_address>
         <size>0x88</size>
         <input_file_ref idref="fl-8f"/>
      </object_component>
      <object_component id="oc-eb">
         <name>.text</name>
         <load_address>0xda51</load_address>
         <run_address>0xda51</run_address>
         <size>0x83</size>
         <input_file_ref idref="fl-32"/>
      </object_component>
      <object_component id="oc-ff">
         <name>.text</name>
         <load_address>0xdad4</load_address>
         <run_address>0xdad4</run_address>
         <size>0x83</size>
         <input_file_ref idref="fl-36"/>
      </object_component>
      <object_component id="oc-f5">
         <name>.text</name>
         <load_address>0xdb57</load_address>
         <run_address>0xdb57</run_address>
         <size>0x78</size>
         <input_file_ref idref="fl-34"/>
      </object_component>
      <object_component id="oc-1ce">
         <name>.text</name>
         <load_address>0xdbcf</load_address>
         <run_address>0xdbcf</run_address>
         <size>0x73</size>
         <input_file_ref idref="fl-24"/>
      </object_component>
      <object_component id="oc-1cd">
         <name>.text</name>
         <load_address>0xdc42</load_address>
         <run_address>0xdc42</run_address>
         <size>0x70</size>
         <input_file_ref idref="fl-20"/>
      </object_component>
      <object_component id="oc-1b8">
         <name>.text:_STPOSPLAN_init</name>
         <load_address>0xdcb2</load_address>
         <run_address>0xdcb2</run_address>
         <size>0x69</size>
         <input_file_ref idref="fl-74"/>
      </object_component>
      <object_component id="oc-1c0">
         <name>.text</name>
         <load_address>0xdd1b</load_address>
         <run_address>0xdd1b</run_address>
         <size>0x68</size>
         <input_file_ref idref="fl-19"/>
      </object_component>
      <object_component id="oc-1c9">
         <name>.text</name>
         <load_address>0xdd83</load_address>
         <run_address>0xdd83</run_address>
         <size>0x60</size>
         <input_file_ref idref="fl-27"/>
      </object_component>
      <object_component id="oc-104">
         <name>.text</name>
         <load_address>0xdde3</load_address>
         <run_address>0xdde3</run_address>
         <size>0x5a</size>
         <input_file_ref idref="fl-37"/>
      </object_component>
      <object_component id="oc-1d8">
         <name>.text</name>
         <load_address>0xde3d</load_address>
         <run_address>0xde3d</run_address>
         <size>0x58</size>
         <input_file_ref idref="fl-12"/>
      </object_component>
      <object_component id="oc-1c3">
         <name>.text</name>
         <load_address>0xde95</load_address>
         <run_address>0xde95</run_address>
         <size>0x54</size>
         <input_file_ref idref="fl-1a"/>
      </object_component>
      <object_component id="oc-1b7">
         <name>.text:_STPOSMOVE_init</name>
         <load_address>0xdee9</load_address>
         <run_address>0xdee9</run_address>
         <size>0x53</size>
         <input_file_ref idref="fl-70"/>
      </object_component>
      <object_component id="oc-1d4">
         <name>.text</name>
         <load_address>0xdf3c</load_address>
         <run_address>0xdf3c</run_address>
         <size>0x51</size>
         <input_file_ref idref="fl-9c"/>
      </object_component>
      <object_component id="oc-1ca">
         <name>.text</name>
         <load_address>0xdf8d</load_address>
         <run_address>0xdf8d</run_address>
         <size>0x50</size>
         <input_file_ref idref="fl-13"/>
      </object_component>
      <object_component id="oc-1c5">
         <name>.text</name>
         <load_address>0xdfdd</load_address>
         <run_address>0xdfdd</run_address>
         <size>0x4c</size>
         <input_file_ref idref="fl-a"/>
      </object_component>
      <object_component id="oc-45">
         <name>.text</name>
         <load_address>0xe029</load_address>
         <run_address>0xe029</run_address>
         <size>0x4b</size>
         <input_file_ref idref="fl-e"/>
      </object_component>
      <object_component id="oc-1b6">
         <name>.text:_STPOSCTL_init</name>
         <load_address>0xe074</load_address>
         <run_address>0xe074</run_address>
         <size>0x47</size>
         <input_file_ref idref="fl-6f"/>
      </object_component>
      <object_component id="oc-13">
         <name>.text</name>
         <load_address>0xe0bb</load_address>
         <run_address>0xe0bb</run_address>
         <size>0x44</size>
         <input_file_ref idref="fl-86"/>
      </object_component>
      <object_component id="oc-1da">
         <name>.text</name>
         <load_address>0xe0ff</load_address>
         <run_address>0xe0ff</run_address>
         <size>0x41</size>
         <input_file_ref idref="fl-93"/>
      </object_component>
      <object_component id="oc-1bc">
         <name>.text</name>
         <load_address>0xe140</load_address>
         <run_address>0xe140</run_address>
         <size>0x3c</size>
         <input_file_ref idref="fl-22"/>
      </object_component>
      <object_component id="oc-1b9">
         <name>.text:_STPOSCONV_init</name>
         <load_address>0xe17c</load_address>
         <run_address>0xe17c</run_address>
         <size>0x39</size>
         <input_file_ref idref="fl-6d"/>
      </object_component>
      <object_component id="oc-1d7">
         <name>.text:_ST_addPosRollOver</name>
         <load_address>0xe1b5</load_address>
         <run_address>0xe1b5</run_address>
         <size>0x34</size>
         <input_file_ref idref="fl-75"/>
      </object_component>
      <object_component id="oc-1d3">
         <name>.text</name>
         <load_address>0xe1e9</load_address>
         <run_address>0xe1e9</run_address>
         <size>0x33</size>
         <input_file_ref idref="fl-8e"/>
      </object_component>
      <object_component id="oc-142">
         <name>.text</name>
         <load_address>0xe21c</load_address>
         <run_address>0xe21c</run_address>
         <size>0x2a</size>
         <input_file_ref idref="fl-71"/>
      </object_component>
      <object_component id="oc-118">
         <name>.text</name>
         <load_address>0xe246</load_address>
         <run_address>0xe246</run_address>
         <size>0x29</size>
         <input_file_ref idref="fl-3b"/>
      </object_component>
      <object_component id="oc-113">
         <name>.text</name>
         <load_address>0xe26f</load_address>
         <run_address>0xe26f</run_address>
         <size>0x25</size>
         <input_file_ref idref="fl-3a"/>
      </object_component>
      <object_component id="oc-194">
         <name>.text</name>
         <load_address>0xe294</load_address>
         <run_address>0xe294</run_address>
         <size>0x22</size>
         <input_file_ref idref="fl-90"/>
      </object_component>
      <object_component id="oc-122">
         <name>.text</name>
         <load_address>0xe2b6</load_address>
         <run_address>0xe2b6</run_address>
         <size>0x21</size>
         <input_file_ref idref="fl-3d"/>
      </object_component>
      <object_component id="oc-1ba">
         <name>.text:_ST_initVersion</name>
         <load_address>0xe2d7</load_address>
         <run_address>0xe2d7</run_address>
         <size>0x1f</size>
         <input_file_ref idref="fl-76"/>
      </object_component>
      <object_component id="oc-f0">
         <name>.text</name>
         <load_address>0xe2f6</load_address>
         <run_address>0xe2f6</run_address>
         <size>0x1f</size>
         <input_file_ref idref="fl-33"/>
      </object_component>
      <object_component id="oc-11d">
         <name>.text</name>
         <load_address>0xe315</load_address>
         <run_address>0xe315</run_address>
         <size>0x1d</size>
         <input_file_ref idref="fl-3c"/>
      </object_component>
      <object_component id="oc-10e">
         <name>.text</name>
         <load_address>0xe332</load_address>
         <run_address>0xe332</run_address>
         <size>0x1c</size>
         <input_file_ref idref="fl-39"/>
      </object_component>
      <object_component id="oc-13c">
         <name>.text</name>
         <load_address>0xe34e</load_address>
         <run_address>0xe34e</run_address>
         <size>0x1c</size>
         <input_file_ref idref="fl-6e"/>
      </object_component>
      <object_component id="oc-127">
         <name>.text</name>
         <load_address>0xe36a</load_address>
         <run_address>0xe36a</run_address>
         <size>0x1a</size>
         <input_file_ref idref="fl-3e"/>
      </object_component>
      <object_component id="oc-147">
         <name>.text</name>
         <load_address>0xe384</load_address>
         <run_address>0xe384</run_address>
         <size>0x1a</size>
         <input_file_ref idref="fl-72"/>
      </object_component>
      <object_component id="oc-1ad">
         <name>.text</name>
         <load_address>0xe39e</load_address>
         <run_address>0xe39e</run_address>
         <size>0x19</size>
         <input_file_ref idref="fl-87"/>
      </object_component>
      <object_component id="oc-1ae">
         <name>.text</name>
         <load_address>0xe3b7</load_address>
         <run_address>0xe3b7</run_address>
         <size>0x19</size>
         <input_file_ref idref="fl-89"/>
      </object_component>
      <object_component id="oc-fa">
         <name>.text</name>
         <load_address>0xe3d0</load_address>
         <run_address>0xe3d0</run_address>
         <size>0x17</size>
         <input_file_ref idref="fl-35"/>
      </object_component>
      <object_component id="oc-12c">
         <name>.text</name>
         <load_address>0xe3e7</load_address>
         <run_address>0xe3e7</run_address>
         <size>0x17</size>
         <input_file_ref idref="fl-3f"/>
      </object_component>
      <object_component id="oc-14c">
         <name>.text</name>
         <load_address>0xe3fe</load_address>
         <run_address>0xe3fe</run_address>
         <size>0x16</size>
         <input_file_ref idref="fl-73"/>
      </object_component>
      <object_component id="oc-1db">
         <name>.text</name>
         <load_address>0xe414</load_address>
         <run_address>0xe414</run_address>
         <size>0x14</size>
         <input_file_ref idref="fl-8d"/>
      </object_component>
      <object_component id="oc-136">
         <name>.text</name>
         <load_address>0xe428</load_address>
         <run_address>0xe428</run_address>
         <size>0x13</size>
         <input_file_ref idref="fl-41"/>
      </object_component>
      <object_component id="oc-131">
         <name>.text</name>
         <load_address>0xe43b</load_address>
         <run_address>0xe43b</run_address>
         <size>0x10</size>
         <input_file_ref idref="fl-40"/>
      </object_component>
      <object_component id="oc-1cf">
         <name>.text</name>
         <load_address>0xe44b</load_address>
         <run_address>0xe44b</run_address>
         <size>0xd</size>
         <input_file_ref idref="fl-21"/>
      </object_component>
      <object_component id="oc-1d1">
         <name>.text</name>
         <load_address>0xe458</load_address>
         <run_address>0xe458</run_address>
         <size>0x9</size>
         <input_file_ref idref="fl-8a"/>
      </object_component>
      <object_component id="oc-14">
         <name>.text</name>
         <load_address>0xe461</load_address>
         <run_address>0xe461</run_address>
         <size>0x8</size>
         <input_file_ref idref="fl-5"/>
      </object_component>
      <object_component id="oc-96">
         <name>.text:retain</name>
         <load_address>0xe469</load_address>
         <run_address>0xe469</run_address>
         <size>0x5</size>
         <input_file_ref idref="fl-1d"/>
      </object_component>
      <object_component id="oc-109">
         <name>.text</name>
         <load_address>0xe46e</load_address>
         <run_address>0xe46e</run_address>
         <size>0x5</size>
         <input_file_ref idref="fl-38"/>
      </object_component>
      <object_component id="oc-e3">
         <name>.cinit</name>
         <load_address>0x50</load_address>
         <run_address>0x50</run_address>
         <size>0xb4</size>
         <input_file_ref idref="fl-2c"/>
      </object_component>
      <object_component id="oc-42">
         <name>.cinit</name>
         <load_address>0x104</load_address>
         <run_address>0x104</run_address>
         <size>0x29</size>
         <input_file_ref idref="fl-d"/>
      </object_component>
      <object_component id="oc-171">
         <name>.cinit</name>
         <load_address>0x12d</load_address>
         <run_address>0x12d</run_address>
         <size>0xa</size>
         <input_file_ref idref="fl-89"/>
      </object_component>
      <object_component id="oc-1b4">
         <name>.cinit:__lock</name>
         <load_address>0x137</load_address>
         <run_address>0x137</run_address>
         <size>0x5</size>
         <input_file_ref idref="fl-8a"/>
      </object_component>
      <object_component id="oc-1d2">
         <name>.cinit:__unlock</name>
         <load_address>0x13c</load_address>
         <run_address>0x13c</run_address>
         <size>0x5</size>
         <input_file_ref idref="fl-8a"/>
      </object_component>
      <object_component id="oc-1b">
         <name>.cinit</name>
         <load_address>0x141</load_address>
         <run_address>0x141</run_address>
         <size>0x4</size>
         <input_file_ref idref="fl-6"/>
      </object_component>
      <object_component id="oc-4c">
         <name>.cinit</name>
         <load_address>0x145</load_address>
         <run_address>0x145</run_address>
         <size>0x4</size>
         <input_file_ref idref="fl-f"/>
      </object_component>
      <object_component id="oc-182">
         <name>.cinit</name>
         <load_address>0x149</load_address>
         <run_address>0x149</run_address>
         <size>0x4</size>
         <input_file_ref idref="fl-8c"/>
      </object_component>
      <object_component id="oc-161">
         <name>.reset</name>
         <load_address>0x3fffc0</load_address>
         <run_address>0x3fffc0</run_address>
         <size>0x2</size>
         <input_file_ref idref="fl-86"/>
      </object_component>
      <object_component id="oc-160">
         <name>.stack</name>
         <uninitialized>true</uninitialized>
         <run_address>0x400</run_address>
         <size>0x0</size>
         <input_file_ref idref="fl-86"/>
      </object_component>
      <object_component id="oc-1fd">
         <name>.stack</name>
         <uninitialized>true</uninitialized>
         <run_address>0x400</run_address>
         <size>0x0</size>
      </object_component>
      <object_component id="oc-1c">
         <name>.ebss</name>
         <uninitialized>true</uninitialized>
         <run_address>0xe47e</run_address>
         <size>0x1</size>
         <input_file_ref idref="fl-6"/>
      </object_component>
      <object_component id="oc-31">
         <name>.ebss</name>
         <uninitialized>true</uninitialized>
         <run_address>0xe47f</run_address>
         <size>0x1</size>
         <input_file_ref idref="fl-a"/>
      </object_component>
      <object_component id="oc-43">
         <name>.ebss</name>
         <uninitialized>true</uninitialized>
         <run_address>0xe948</run_address>
         <size>0x1a</size>
         <input_file_ref idref="fl-d"/>
      </object_component>
      <object_component id="oc-4d">
         <name>.ebss</name>
         <uninitialized>true</uninitialized>
         <run_address>0xe47c</run_address>
         <size>0x2</size>
         <input_file_ref idref="fl-f"/>
      </object_component>
      <object_component id="oc-71">
         <name>.ebss</name>
         <uninitialized>true</uninitialized>
         <run_address>0xe980</run_address>
         <size>0xba</size>
         <input_file_ref idref="fl-16"/>
      </object_component>
      <object_component id="oc-e4">
         <name>.ebss</name>
         <uninitialized>true</uninitialized>
         <run_address>0xe480</run_address>
         <size>0x4c8</size>
         <input_file_ref idref="fl-2c"/>
      </object_component>
      <object_component id="oc-172">
         <name>.ebss</name>
         <uninitialized>true</uninitialized>
         <run_address>0xe474</run_address>
         <size>0x4</size>
         <input_file_ref idref="fl-89"/>
      </object_component>
      <object_component id="oc-1d9">
         <name>.ebss:__unlock</name>
         <uninitialized>true</uninitialized>
         <run_address>0xe47a</run_address>
         <size>0x2</size>
         <input_file_ref idref="fl-8a"/>
      </object_component>
      <object_component id="oc-1b3">
         <name>.ebss:__lock</name>
         <uninitialized>true</uninitialized>
         <run_address>0xe478</run_address>
         <size>0x2</size>
         <input_file_ref idref="fl-8a"/>
      </object_component>
      <object_component id="oc-183">
         <name>.ebss</name>
         <uninitialized>true</uninitialized>
         <run_address>0xe962</run_address>
         <size>0x1</size>
         <input_file_ref idref="fl-8c"/>
      </object_component>
      <object_component id="oc-3c">
         <name>.econst</name>
         <load_address>0xed78</load_address>
         <run_address>0xed78</run_address>
         <size>0x1c</size>
         <input_file_ref idref="fl-c"/>
      </object_component>
      <object_component id="oc-d8">
         <name>.econst</name>
         <load_address>0xed94</load_address>
         <run_address>0xed94</run_address>
         <size>0x8</size>
         <input_file_ref idref="fl-2a"/>
      </object_component>
      <object_component id="oc-13b">
         <name>.econst</name>
         <load_address>0xed9c</load_address>
         <run_address>0xed9c</run_address>
         <size>0x4</size>
         <input_file_ref idref="fl-6d"/>
      </object_component>
      <object_component id="oc-141">
         <name>.econst</name>
         <load_address>0xeda0</load_address>
         <run_address>0xeda0</run_address>
         <size>0x4</size>
         <input_file_ref idref="fl-70"/>
      </object_component>
      <object_component id="oc-72">
         <name>.econst</name>
         <load_address>0xeda4</load_address>
         <run_address>0xeda4</run_address>
         <size>0x4</size>
         <input_file_ref idref="fl-16"/>
      </object_component>
      <object_component id="oc-e6">
         <name>.econst</name>
         <load_address>0xeda8</load_address>
         <run_address>0xeda8</run_address>
         <size>0x4</size>
         <input_file_ref idref="fl-2c"/>
      </object_component>
      <object_component id="oc-155">
         <name>IQmath</name>
         <load_address>0xea3a</load_address>
         <run_address>0xea3a</run_address>
         <size>0x9d</size>
         <input_file_ref idref="fl-7b"/>
      </object_component>
      <object_component id="oc-15c">
         <name>IQmath</name>
         <load_address>0xead7</load_address>
         <run_address>0xead7</run_address>
         <size>0x9d</size>
         <input_file_ref idref="fl-82"/>
      </object_component>
      <object_component id="oc-151">
         <name>IQmath</name>
         <load_address>0xeb74</load_address>
         <run_address>0xeb74</run_address>
         <size>0x47</size>
         <input_file_ref idref="fl-77"/>
      </object_component>
      <object_component id="oc-158">
         <name>IQmath</name>
         <load_address>0xebbb</load_address>
         <run_address>0xebbb</run_address>
         <size>0x47</size>
         <input_file_ref idref="fl-7e"/>
      </object_component>
      <object_component id="oc-156">
         <name>IQmath</name>
         <load_address>0xec02</load_address>
         <run_address>0xec02</run_address>
         <size>0x42</size>
         <input_file_ref idref="fl-7c"/>
      </object_component>
      <object_component id="oc-15e">
         <name>IQmath</name>
         <load_address>0xec44</load_address>
         <run_address>0xec44</run_address>
         <size>0x42</size>
         <input_file_ref idref="fl-84"/>
      </object_component>
      <object_component id="oc-153">
         <name>IQmath</name>
         <load_address>0xec86</load_address>
         <run_address>0xec86</run_address>
         <size>0x3d</size>
         <input_file_ref idref="fl-79"/>
      </object_component>
      <object_component id="oc-159">
         <name>IQmath</name>
         <load_address>0xecc3</load_address>
         <run_address>0xecc3</run_address>
         <size>0x3d</size>
         <input_file_ref idref="fl-7f"/>
      </object_component>
      <object_component id="oc-15d">
         <name>IQmath</name>
         <load_address>0xed00</load_address>
         <run_address>0xed00</run_address>
         <size>0x29</size>
         <input_file_ref idref="fl-83"/>
      </object_component>
      <object_component id="oc-157">
         <name>IQmath</name>
         <load_address>0xed29</load_address>
         <run_address>0xed29</run_address>
         <size>0x27</size>
         <input_file_ref idref="fl-7d"/>
      </object_component>
      <object_component id="oc-15f">
         <name>IQmath</name>
         <load_address>0xed50</load_address>
         <run_address>0xed50</run_address>
         <size>0x14</size>
         <input_file_ref idref="fl-85"/>
      </object_component>
      <object_component id="oc-15a">
         <name>IQmath</name>
         <load_address>0xed64</load_address>
         <run_address>0xed64</run_address>
         <size>0xb</size>
         <input_file_ref idref="fl-80"/>
      </object_component>
      <object_component id="oc-15b">
         <name>IQmath</name>
         <load_address>0xed6f</load_address>
         <run_address>0xed6f</run_address>
         <size>0x9</size>
         <input_file_ref idref="fl-81"/>
      </object_component>
      <object_component id="oc-152">
         <name>IQmathTables</name>
         <load_address>0x3fdc30</load_address>
         <run_address>0x3fdc30</run_address>
         <size>0xb50</size>
         <input_file_ref idref="fl-78"/>
      </object_component>
      <object_component id="oc-16">
         <name>.debug_info</name>
         <load_address>0x0</load_address>
         <run_address>0x0</run_address>
         <size>0x14b</size>
         <input_file_ref idref="fl-5"/>
      </object_component>
      <object_component id="oc-1a">
         <name>.debug_info</name>
         <load_address>0x14b</load_address>
         <run_address>0x14b</run_address>
         <size>0xee7</size>
         <input_file_ref idref="fl-6"/>
      </object_component>
      <object_component id="oc-21">
         <name>.debug_info</name>
         <load_address>0x1032</load_address>
         <run_address>0x1032</run_address>
         <size>0x395c</size>
         <input_file_ref idref="fl-7"/>
      </object_component>
      <object_component id="oc-26">
         <name>.debug_info</name>
         <load_address>0x498e</load_address>
         <run_address>0x498e</run_address>
         <size>0x399</size>
         <input_file_ref idref="fl-8"/>
      </object_component>
      <object_component id="oc-2b">
         <name>.debug_info</name>
         <load_address>0x4d27</load_address>
         <run_address>0x4d27</run_address>
         <size>0x3726</size>
         <input_file_ref idref="fl-9"/>
      </object_component>
      <object_component id="oc-30">
         <name>.debug_info</name>
         <load_address>0x844d</load_address>
         <run_address>0x844d</run_address>
         <size>0xc4b</size>
         <input_file_ref idref="fl-a"/>
      </object_component>
      <object_component id="oc-36">
         <name>.debug_info</name>
         <load_address>0x9098</load_address>
         <run_address>0x9098</run_address>
         <size>0x51d</size>
         <input_file_ref idref="fl-b"/>
      </object_component>
      <object_component id="oc-3b">
         <name>.debug_info</name>
         <load_address>0x95b5</load_address>
         <run_address>0x95b5</run_address>
         <size>0x1040c</size>
         <input_file_ref idref="fl-c"/>
      </object_component>
      <object_component id="oc-41">
         <name>.debug_info</name>
         <load_address>0x199c1</load_address>
         <run_address>0x199c1</run_address>
         <size>0x416</size>
         <input_file_ref idref="fl-d"/>
      </object_component>
      <object_component id="oc-47">
         <name>.debug_info</name>
         <load_address>0x19dd7</load_address>
         <run_address>0x19dd7</run_address>
         <size>0x12d</size>
         <input_file_ref idref="fl-e"/>
      </object_component>
      <object_component id="oc-4b">
         <name>.debug_info</name>
         <load_address>0x19f04</load_address>
         <run_address>0x19f04</run_address>
         <size>0x42da</size>
         <input_file_ref idref="fl-f"/>
      </object_component>
      <object_component id="oc-52">
         <name>.debug_info</name>
         <load_address>0x1e1de</load_address>
         <run_address>0x1e1de</run_address>
         <size>0x1012</size>
         <input_file_ref idref="fl-10"/>
      </object_component>
      <object_component id="oc-57">
         <name>.debug_info</name>
         <load_address>0x1f1f0</load_address>
         <run_address>0x1f1f0</run_address>
         <size>0x49f</size>
         <input_file_ref idref="fl-11"/>
      </object_component>
      <object_component id="oc-5c">
         <name>.debug_info</name>
         <load_address>0x1f68f</load_address>
         <run_address>0x1f68f</run_address>
         <size>0xa0d</size>
         <input_file_ref idref="fl-12"/>
      </object_component>
      <object_component id="oc-61">
         <name>.debug_info</name>
         <load_address>0x2009c</load_address>
         <run_address>0x2009c</run_address>
         <size>0x19ec</size>
         <input_file_ref idref="fl-13"/>
      </object_component>
      <object_component id="oc-66">
         <name>.debug_info</name>
         <load_address>0x21a88</load_address>
         <run_address>0x21a88</run_address>
         <size>0x46e</size>
         <input_file_ref idref="fl-14"/>
      </object_component>
      <object_component id="oc-6b">
         <name>.debug_info</name>
         <load_address>0x21ef6</load_address>
         <run_address>0x21ef6</run_address>
         <size>0x34a6</size>
         <input_file_ref idref="fl-15"/>
      </object_component>
      <object_component id="oc-70">
         <name>.debug_info</name>
         <load_address>0x2539c</load_address>
         <run_address>0x2539c</run_address>
         <size>0x16395</size>
         <input_file_ref idref="fl-16"/>
      </object_component>
      <object_component id="oc-77">
         <name>.debug_info</name>
         <load_address>0x3b731</load_address>
         <run_address>0x3b731</run_address>
         <size>0x349</size>
         <input_file_ref idref="fl-17"/>
      </object_component>
      <object_component id="oc-7c">
         <name>.debug_info</name>
         <load_address>0x3ba7a</load_address>
         <run_address>0x3ba7a</run_address>
         <size>0x2e1</size>
         <input_file_ref idref="fl-18"/>
      </object_component>
      <object_component id="oc-81">
         <name>.debug_info</name>
         <load_address>0x3bd5b</load_address>
         <run_address>0x3bd5b</run_address>
         <size>0xaab</size>
         <input_file_ref idref="fl-19"/>
      </object_component>
      <object_component id="oc-86">
         <name>.debug_info</name>
         <load_address>0x3c806</load_address>
         <run_address>0x3c806</run_address>
         <size>0x82d</size>
         <input_file_ref idref="fl-1a"/>
      </object_component>
      <object_component id="oc-8b">
         <name>.debug_info</name>
         <load_address>0x3d033</load_address>
         <run_address>0x3d033</run_address>
         <size>0x346</size>
         <input_file_ref idref="fl-1b"/>
      </object_component>
      <object_component id="oc-90">
         <name>.debug_info</name>
         <load_address>0x3d379</load_address>
         <run_address>0x3d379</run_address>
         <size>0x3e1</size>
         <input_file_ref idref="fl-1c"/>
      </object_component>
      <object_component id="oc-95">
         <name>.debug_info</name>
         <load_address>0x3d75a</load_address>
         <run_address>0x3d75a</run_address>
         <size>0x3df9</size>
         <input_file_ref idref="fl-1d"/>
      </object_component>
      <object_component id="oc-9b">
         <name>.debug_info</name>
         <load_address>0x41553</load_address>
         <run_address>0x41553</run_address>
         <size>0x1369</size>
         <input_file_ref idref="fl-1e"/>
      </object_component>
      <object_component id="oc-a0">
         <name>.debug_info</name>
         <load_address>0x428bc</load_address>
         <run_address>0x428bc</run_address>
         <size>0x87cb</size>
         <input_file_ref idref="fl-1f"/>
      </object_component>
      <object_component id="oc-a5">
         <name>.debug_info</name>
         <load_address>0x4b087</load_address>
         <run_address>0x4b087</run_address>
         <size>0x106a</size>
         <input_file_ref idref="fl-20"/>
      </object_component>
      <object_component id="oc-aa">
         <name>.debug_info</name>
         <load_address>0x4c0f1</load_address>
         <run_address>0x4c0f1</run_address>
         <size>0x651</size>
         <input_file_ref idref="fl-21"/>
      </object_component>
      <object_component id="oc-af">
         <name>.debug_info</name>
         <load_address>0x4c742</load_address>
         <run_address>0x4c742</run_address>
         <size>0x6a8</size>
         <input_file_ref idref="fl-22"/>
      </object_component>
      <object_component id="oc-b4">
         <name>.debug_info</name>
         <load_address>0x4cdea</load_address>
         <run_address>0x4cdea</run_address>
         <size>0x2bef</size>
         <input_file_ref idref="fl-23"/>
      </object_component>
      <object_component id="oc-b9">
         <name>.debug_info</name>
         <load_address>0x4f9d9</load_address>
         <run_address>0x4f9d9</run_address>
         <size>0x17a4</size>
         <input_file_ref idref="fl-24"/>
      </object_component>
      <object_component id="oc-be">
         <name>.debug_info</name>
         <load_address>0x5117d</load_address>
         <run_address>0x5117d</run_address>
         <size>0x343</size>
         <input_file_ref idref="fl-25"/>
      </object_component>
      <object_component id="oc-c3">
         <name>.debug_info</name>
         <load_address>0x514c0</load_address>
         <run_address>0x514c0</run_address>
         <size>0x3ec</size>
         <input_file_ref idref="fl-26"/>
      </object_component>
      <object_component id="oc-c8">
         <name>.debug_info</name>
         <load_address>0x518ac</load_address>
         <run_address>0x518ac</run_address>
         <size>0xb94</size>
         <input_file_ref idref="fl-27"/>
      </object_component>
      <object_component id="oc-cd">
         <name>.debug_info</name>
         <load_address>0x52440</load_address>
         <run_address>0x52440</run_address>
         <size>0x3ac</size>
         <input_file_ref idref="fl-28"/>
      </object_component>
      <object_component id="oc-d3">
         <name>.debug_info</name>
         <load_address>0x527ec</load_address>
         <run_address>0x527ec</run_address>
         <size>0x112</size>
         <input_file_ref idref="fl-29"/>
      </object_component>
      <object_component id="oc-d7">
         <name>.debug_info</name>
         <load_address>0x528fe</load_address>
         <run_address>0x528fe</run_address>
         <size>0x4dc3</size>
         <input_file_ref idref="fl-2a"/>
      </object_component>
      <object_component id="oc-dd">
         <name>.debug_info</name>
         <load_address>0x576c1</load_address>
         <run_address>0x576c1</run_address>
         <size>0xe1d</size>
         <input_file_ref idref="fl-2b"/>
      </object_component>
      <object_component id="oc-e2">
         <name>.debug_info</name>
         <load_address>0x584de</load_address>
         <run_address>0x584de</run_address>
         <size>0x1481c</size>
         <input_file_ref idref="fl-2c"/>
      </object_component>
      <object_component id="oc-ec">
         <name>.debug_info</name>
         <load_address>0x6ccfa</load_address>
         <run_address>0x6ccfa</run_address>
         <size>0x10a</size>
         <input_file_ref idref="fl-32"/>
      </object_component>
      <object_component id="oc-f1">
         <name>.debug_info</name>
         <load_address>0x6ce04</load_address>
         <run_address>0x6ce04</run_address>
         <size>0x10a</size>
         <input_file_ref idref="fl-33"/>
      </object_component>
      <object_component id="oc-f6">
         <name>.debug_info</name>
         <load_address>0x6cf0e</load_address>
         <run_address>0x6cf0e</run_address>
         <size>0x10a</size>
         <input_file_ref idref="fl-34"/>
      </object_component>
      <object_component id="oc-fb">
         <name>.debug_info</name>
         <load_address>0x6d018</load_address>
         <run_address>0x6d018</run_address>
         <size>0x10a</size>
         <input_file_ref idref="fl-35"/>
      </object_component>
      <object_component id="oc-100">
         <name>.debug_info</name>
         <load_address>0x6d122</load_address>
         <run_address>0x6d122</run_address>
         <size>0x10a</size>
         <input_file_ref idref="fl-36"/>
      </object_component>
      <object_component id="oc-105">
         <name>.debug_info</name>
         <load_address>0x6d22c</load_address>
         <run_address>0x6d22c</run_address>
         <size>0x10a</size>
         <input_file_ref idref="fl-37"/>
      </object_component>
      <object_component id="oc-10a">
         <name>.debug_info</name>
         <load_address>0x6d336</load_address>
         <run_address>0x6d336</run_address>
         <size>0x10a</size>
         <input_file_ref idref="fl-38"/>
      </object_component>
      <object_component id="oc-10f">
         <name>.debug_info</name>
         <load_address>0x6d440</load_address>
         <run_address>0x6d440</run_address>
         <size>0x10d</size>
         <input_file_ref idref="fl-39"/>
      </object_component>
      <object_component id="oc-114">
         <name>.debug_info</name>
         <load_address>0x6d54d</load_address>
         <run_address>0x6d54d</run_address>
         <size>0x116</size>
         <input_file_ref idref="fl-3a"/>
      </object_component>
      <object_component id="oc-119">
         <name>.debug_info</name>
         <load_address>0x6d663</load_address>
         <run_address>0x6d663</run_address>
         <size>0x116</size>
         <input_file_ref idref="fl-3b"/>
      </object_component>
      <object_component id="oc-11e">
         <name>.debug_info</name>
         <load_address>0x6d779</load_address>
         <run_address>0x6d779</run_address>
         <size>0x116</size>
         <input_file_ref idref="fl-3c"/>
      </object_component>
      <object_component id="oc-123">
         <name>.debug_info</name>
         <load_address>0x6d88f</load_address>
         <run_address>0x6d88f</run_address>
         <size>0x119</size>
         <input_file_ref idref="fl-3d"/>
      </object_component>
      <object_component id="oc-128">
         <name>.debug_info</name>
         <load_address>0x6d9a8</load_address>
         <run_address>0x6d9a8</run_address>
         <size>0x110</size>
         <input_file_ref idref="fl-3e"/>
      </object_component>
      <object_component id="oc-12d">
         <name>.debug_info</name>
         <load_address>0x6dab8</load_address>
         <run_address>0x6dab8</run_address>
         <size>0x10a</size>
         <input_file_ref idref="fl-3f"/>
      </object_component>
      <object_component id="oc-132">
         <name>.debug_info</name>
         <load_address>0x6dbc2</load_address>
         <run_address>0x6dbc2</run_address>
         <size>0x10a</size>
         <input_file_ref idref="fl-40"/>
      </object_component>
      <object_component id="oc-137">
         <name>.debug_info</name>
         <load_address>0x6dccc</load_address>
         <run_address>0x6dccc</run_address>
         <size>0x10d</size>
         <input_file_ref idref="fl-41"/>
      </object_component>
      <object_component id="oc-13d">
         <name>.debug_info</name>
         <load_address>0x6ddd9</load_address>
         <run_address>0x6ddd9</run_address>
         <size>0x10a</size>
         <input_file_ref idref="fl-6e"/>
      </object_component>
      <object_component id="oc-143">
         <name>.debug_info</name>
         <load_address>0x6dee3</load_address>
         <run_address>0x6dee3</run_address>
         <size>0x19b</size>
         <input_file_ref idref="fl-71"/>
      </object_component>
      <object_component id="oc-148">
         <name>.debug_info</name>
         <load_address>0x6e07e</load_address>
         <run_address>0x6e07e</run_address>
         <size>0x110</size>
         <input_file_ref idref="fl-72"/>
      </object_component>
      <object_component id="oc-14d">
         <name>.debug_info</name>
         <load_address>0x6e18e</load_address>
         <run_address>0x6e18e</run_address>
         <size>0x10d</size>
         <input_file_ref idref="fl-73"/>
      </object_component>
      <object_component id="oc-162">
         <name>.debug_info</name>
         <load_address>0x6e29b</load_address>
         <run_address>0x6e29b</run_address>
         <size>0x128</size>
         <input_file_ref idref="fl-86"/>
      </object_component>
      <object_component id="oc-166">
[...]
      </symbol>
      <symbol id="sm-81d">
         <name>_EST_getState</name>
         <value>0x3f861b</value>
      </symbol>
      <symbol id="sm-81f">
         <name>_EST_get_krpm_to_pu_sf</name>
         <value>0x3f9458</value>
      </symbol>
      <symbol id="sm-821">
         <name>_EST_isError</name>
         <value>0x3f938d</value>
      </symbol>
      <symbol id="sm-823">
         <name>_EST_isIdle</name>
         <value>0x3f9386</value>
      </symbol>
      <symbol id="sm-825">
         <name>_EST_isLockRotor</name>
         <value>0x3f937f</value>
      </symbol>
      <symbol id="sm-827">
         <name>_EST_isMotorIdentified</name>
         <value>0x3f8679</value>
      </symbol>
      <symbol id="sm-829">
         <name>_EST_isOnLine</name>
         <value>0x3f9378</value>
      </symbol>
      <symbol id="sm-82b">
         <name>_EST_run</name>
         <value>0x3f927b</value>
      </symbol>
      <symbol id="sm-82d">
         <name>_EST_setId_ref_pu</name>
         <value>0x3f8b80</value>
      </symbol>
      <symbol id="sm-82f">
         <name>_EST_setIdle</name>
         <value>0x3f8b7a</value>
      </symbol>
      <symbol id="sm-831">
         <name>_EST_setIdle_all</name>
         <value>0x3f8b67</value>
      </symbol>
      <symbol id="sm-833">
         <name>_EST_setIq_ref_pu</name>
         <value>0x3f8b63</value>
      </symbol>
      <symbol id="sm-835">
         <name>_EST_setLs_d_pu</name>
         <value>0x3f8b45</value>
      </symbol>
      <symbol id="sm-837">
         <name>_EST_setLs_qFmt</name>
         <value>0x3f8af1</value>
      </symbol>
      <symbol id="sm-839">
         <name>_EST_setLs_q_pu</name>
         <value>0x3f8ae7</value>
      </symbol>
      <symbol id="sm-83b">
         <name>_EST_setRs_pu</name>
         <value>0x3f8a18</value>
      </symbol>
      <symbol id="sm-83d">
         <name>_EST_updateId_ref_pu</name>
         <value>0x3f89f5</value>
      </symbol>
      <symbol id="sm-83f">
         <name>_EST_updateState</name>
         <value>0x3f8713</value>
      </symbol>
      <symbol id="sm-841">
         <name>_EST_useZeroIq_ref</name>
         <value>0x3f861d</value>
      </symbol>
      <symbol id="sm-849">
         <name>_STPOSCONV_run</name>
         <value>0xd186</value>
         <object_component_ref idref="oc-1be"/>
      </symbol>
      <symbol id="sm-84a">
         <name>_STPOSCONV_init</name>
         <value>0xe17c</value>
         <object_component_ref idref="oc-1b9"/>
      </symbol>
      <symbol id="sm-85a">
         <name>L$$TOFD</name>
         <value>0xe34e</value>
         <object_component_ref idref="oc-13c"/>
      </symbol>
      <symbol id="sm-860">
         <name>_STPOSCTL_init</name>
         <value>0xe074</value>
         <object_component_ref idref="oc-1b6"/>
      </symbol>
      <symbol id="sm-861">
         <name>_STPOSCTL_run</name>
         <value>0xc0b3</value>
         <object_component_ref idref="oc-1bf"/>
      </symbol>
      <symbol id="sm-867">
         <name>_STPOSMOVE_init</name>
         <value>0xdee9</value>
         <object_component_ref idref="oc-1b7"/>
      </symbol>
      <symbol id="sm-873">
         <name>UL$$MOD</name>
         <value>0xe240</value>
         <object_component_ref idref="oc-142"/>
      </symbol>
      <symbol id="sm-874">
         <name>L$$MOD</name>
         <value>0xe22b</value>
         <object_component_ref idref="oc-142"/>
      </symbol>
      <symbol id="sm-875">
         <name>L$$DIV</name>
         <value>0xe21c</value>
         <object_component_ref idref="oc-142"/>
      </symbol>
      <symbol id="sm-876">
         <name>UL$$DIV</name>
         <value>0xe239</value>
         <object_component_ref idref="oc-142"/>
      </symbol>
      <symbol id="sm-885">
         <name>L$$TOFS</name>
         <value>0xe384</value>
         <object_component_ref idref="oc-147"/>
      </symbol>
      <symbol id="sm-896">
         <name>UL$$TOFD</name>
         <value>0xe3fe</value>
         <object_component_ref idref="oc-14c"/>
      </symbol>
      <symbol id="sm-89a">
         <name>_STPOSPLAN_init</name>
         <value>0xdcb2</value>
         <object_component_ref idref="oc-1b8"/>
      </symbol>
      <symbol id="sm-89e">
         <name>_ST_addPosRollOver</name>
         <value>0xe1b5</value>
         <object_component_ref idref="oc-1d7"/>
      </symbol>
      <symbol id="sm-8a2">
         <name>_ST_initVersion</name>
         <value>0xe2d7</value>
         <object_component_ref idref="oc-1ba"/>
      </symbol>
      <symbol id="sm-8ad">
         <name>__IQ20div</name>
         <value>0xeb74</value>
         <object_component_ref idref="oc-151"/>
      </symbol>
      <symbol id="sm-8b1">
         <name>_IQ16mpyRndSatTable</name>
         <value>0x3fe6c0</value>
         <object_component_ref idref="oc-152"/>
      </symbol>
      <symbol id="sm-8b2">
         <name>_IQ24mpyRndSatTable</name>
         <value>0x3fe660</value>
         <object_component_ref idref="oc-152"/>
      </symbol>
      <symbol id="sm-8b3">
         <name>_IQ13mpyRndSatTable</name>
         <value>0x3fe6e4</value>
         <object_component_ref idref="oc-152"/>
      </symbol>
      <symbol id="sm-8b4">
         <name>_IQ21mpyRndSatTable</name>
         <value>0x3fe684</value>
         <object_component_ref idref="oc-152"/>
      </symbol>
      <symbol id="sm-8b5">
         <name>_IQ10mpyRndSatTable</name>
         <value>0x3fe708</value>
         <object_component_ref idref="oc-152"/>
      </symbol>
      <symbol id="sm-8b6">
         <name>_IQdivTable</name>
         <value>0x3fe140</value>
         <object_component_ref idref="oc-152"/>
      </symbol>
      <symbol id="sm-8b7">
         <name>_IQ9mpyRndSatTable</name>
         <value>0x3fe714</value>
         <object_component_ref idref="oc-152"/>
      </symbol>
      <symbol id="sm-8b8">
         <name>_IQ6mpyRndSatTable</name>
         <value>0x3fe738</value>
         <object_component_ref idref="oc-152"/>
      </symbol>
      <symbol id="sm-8b9">
         <name>_IQatan2TableEnd</name>
         <value>0x3fe618</value>
         <object_component_ref idref="oc-152"/>
      </symbol>
      <symbol id="sm-8ba">
         <name>_IQdivTableEnd</name>
         <value>0x3fe342</value>
         <object_component_ref idref="oc-152"/>
      </symbol>
      <symbol id="sm-8bb">
         <name>_IQ29mpyRndSatTable</name>
         <value>0x3fe624</value>
         <object_component_ref idref="oc-152"/>
      </symbol>
      <symbol id="sm-8bc">
         <name>_IQ3mpyRndSatTable</name>
         <value>0x3fe75c</value>
         <object_component_ref idref="oc-152"/>
      </symbol>
      <symbol id="sm-8bd">
         <name>_IQ18mpyRndSatTable</name>
         <value>0x3fe6a8</value>
         <object_component_ref idref="oc-152"/>
      </symbol>
      <symbol id="sm-8be">
         <name>_IQ26mpyRndSatTable</name>
         <value>0x3fe648</value>
         <object_component_ref idref="oc-152"/>
      </symbol>
      <symbol id="sm-8bf">
         <name>_IQcosTableEnd</name>
         <value>0x3fe132</value>
         <object_component_ref idref="oc-152"/>
      </symbol>
      <symbol id="sm-8c0">
         <name>_IQsinTableEnd</name>
         <value>0x3fe030</value>
         <object_component_ref idref="oc-152"/>
      </symbol>
      <symbol id="sm-8c1">
         <name>_IQ15mpyRndSatTable</name>
         <value>0x3fe6cc</value>
         <object_component_ref idref="oc-152"/>
      </symbol>
      <symbol id="sm-8c2">
         <name>_IQ23mpyRndSatTable</name>
         <value>0x3fe66c</value>
         <object_component_ref idref="oc-152"/>
      </symbol>
      <symbol id="sm-8c3">
         <name>_IQ12mpyRndSatTable</name>
         <value>0x3fe6f0</value>
         <object_component_ref idref="oc-152"/>
      </symbol>
      <symbol id="sm-8c4">
         <name>_IQ20mpyRndSatTable</name>
         <value>0x3fe690</value>
         <object_component_ref idref="oc-152"/>
      </symbol>
      <symbol id="sm-8c5">
         <name>_IQisqrtTableEnd</name>
         <value>0x3fe454</value>
         <object_component_ref idref="oc-152"/>
      </symbol>
      <symbol id="sm-8c6">
         <name>_IQ8mpyRndSatTable</name>
         <value>0x3fe720</value>
         <object_component_ref idref="oc-152"/>
      </symbol>
      <symbol id="sm-8c7">
         <name>_IQisqrtRoundSatTable</name>
         <value>0x3fe342</value>
         <object_component_ref idref="oc-152"/>
      </symbol>
      <symbol id="sm-8c8">
         <name>_IQ5mpyRndSatTable</name>
         <value>0x3fe744</value>
         <object_component_ref idref="oc-152"/>
      </symbol>
      <symbol id="sm-8c9">
         <name>_IQmpyRndSatTable</name>
         <value>0x3fe618</value>
         <object_component_ref idref="oc-152"/>
      </symbol>
      <symbol id="sm-8ca">
         <name>_IQ28mpyRndSatTable</name>
         <value>0x3fe630</value>
         <object_component_ref idref="oc-152"/>
      </symbol>
      <symbol id="sm-8cb">
         <name>_IQatan2Table</name>
         <value>0x3fe492</value>
         <object_component_ref idref="oc-152"/>
      </symbol>
      <symbol id="sm-8cc">
         <name>_IQ2mpyRndSatTable</name>
         <value>0x3fe768</value>
         <object_component_ref idref="oc-152"/>
      </symbol>
      <symbol id="sm-8cd">
         <name>_IQatan2HalfPITable</name>
         <value>0x3fe454</value>
         <object_component_ref idref="oc-152"/>
      </symbol>
      <symbol id="sm-8ce">
         <name>_IQ17mpyRndSatTable</name>
         <value>0x3fe6b4</value>
         <object_component_ref idref="oc-152"/>
      </symbol>
      <symbol id="sm-8cf">
         <name>_IQ25mpyRndSatTable</name>
         <value>0x3fe654</value>
         <object_component_ref idref="oc-152"/>
      </symbol>
      <symbol id="sm-8d0">
         <name>_IQsqrtTable</name>
         <value>0x3fe352</value>
         <object_component_ref idref="oc-152"/>
      </symbol>
      <symbol id="sm-8d1">
         <name>_IQsqrtTableEnd</name>
         <value>0x3fe454</value>
         <object_component_ref idref="oc-152"/>
      </symbol>
      <symbol id="sm-8d2">
         <name>_IQ14mpyRndSatTable</name>
         <value>0x3fe6d8</value>
         <object_component_ref idref="oc-152"/>
      </symbol>
      <symbol id="sm-8d3">
         <name>_IQ22mpyRndSatTable</name>
         <value>0x3fe678</value>
         <object_component_ref idref="oc-152"/>
      </symbol>
      <symbol id="sm-8d4">
         <name>_IQ30mpyRndSatTable</name>
         <value>0x3fe618</value>
         <object_component_ref idref="oc-152"/>
      </symbol>
      <symbol id="sm-8d5">
         <name>_IQsqrtRoundSatTable</name>
         <value>0x3fe342</value>
         <object_component_ref idref="oc-152"/>
      </symbol>
      <symbol id="sm-8d6">
         <name>_IQ11mpyRndSatTable</name>
         <value>0x3fe6fc</value>
         <object_component_ref idref="oc-152"/>
      </symbol>
      <symbol id="sm-8d7">
         <name>_IQdivRoundSatTable</name>
         <value>0x3fe132</value>
         <object_component_ref idref="oc-152"/>
      </symbol>
      <symbol id="sm-8d8">
         <name>_IQ7mpyRndSatTable</name>
         <value>0x3fe72c</value>
         <object_component_ref idref="oc-152"/>
      </symbol>
      <symbol id="sm-8d9">
         <name>_IQcosTable</name>
         <value>0x3fdd30</value>
         <object_component_ref idref="oc-152"/>
      </symbol>
      <symbol id="sm-8da">
         <name>_IQisqrtTable</name>
         <value>0x3fe352</value>
         <object_component_ref idref="oc-152"/>
      </symbol>
      <symbol id="sm-8db">
         <name>_IQ4mpyRndSatTable</name>
         <value>0x3fe750</value>
         <object_component_ref idref="oc-152"/>
      </symbol>
      <symbol id="sm-8dc">
         <name>_IQ19mpyRndSatTable</name>
         <value>0x3fe69c</value>
         <object_component_ref idref="oc-152"/>
      </symbol>
      <symbol id="sm-8dd">
         <name>_IQ27mpyRndSatTable</name>
         <value>0x3fe63c</value>
         <object_component_ref idref="oc-152"/>
      </symbol>
      <symbol id="sm-8de">
         <name>_IQmpyRndSatTableEnd</name>
         <value>0x3fe780</value>
         <object_component_ref idref="oc-152"/>
      </symbol>
      <symbol id="sm-8df">
         <name>_IQ1mpyRndSatTable</name>
         <value>0x3fe774</value>
         <object_component_ref idref="oc-152"/>
      </symbol>
      <symbol id="sm-8e0">
         <name>_IQsinTable</name>
         <value>0x3fdc30</value>
         <object_component_ref idref="oc-152"/>
      </symbol>
      <symbol id="sm-8ed">
         <name>__IQ20exp</name>
         <value>0xec86</value>
         <object_component_ref idref="oc-153"/>
      </symbol>
      <symbol id="sm-8f2">
         <name>_IQexpTable</name>
         <value>0x1be</value>
         <object_component_ref idref="oc-154"/>
      </symbol>
      <symbol id="sm-8f3">
         <name>_IQexpTableCoeffEnd</name>
         <value>0x24a</value>
         <object_component_ref idref="oc-154"/>
      </symbol>
      <symbol id="sm-8f4">
         <name>_IQexpTableMinMax</name>
         <value>0x1be</value>
         <object_component_ref idref="oc-154"/>
      </symbol>
      <symbol id="sm-8f5">
         <name>_IQexpTableMinMaxEnd</name>
         <value>0x236</value>
         <object_component_ref idref="oc-154"/>
      </symbol>
      <symbol id="sm-8f6">
         <name>_IQexpTableCoeff</name>
         <value>0x236</value>
         <object_component_ref idref="oc-154"/>
      </symbol>
      <symbol id="sm-901">
         <name>__IQ20log</name>
         <value>0xea3a</value>
         <object_component_ref idref="oc-155"/>
      </symbol>
      <symbol id="sm-90b">
         <name>__IQ20sqrt</name>
         <value>0xec02</value>
         <object_component_ref idref="oc-156"/>
      </symbol>
      <symbol id="sm-916">
         <name>__IQ24cosPU</name>
         <value>0xed29</value>
         <object_component_ref idref="oc-157"/>
      </symbol>
      <symbol id="sm-921">
         <name>__IQ24div</name>
         <value>0xebbb</value>
         <object_component_ref idref="oc-158"/>
      </symbol>
      <symbol id="sm-92e">
         <name>__IQ24exp</name>
         <value>0xecc3</value>
         <object_component_ref idref="oc-159"/>
      </symbol>
      <symbol id="sm-938">
         <name>__IQ24frac</name>
         <value>0xed64</value>
         <object_component_ref idref="oc-15a"/>
      </symbol>
      <symbol id="sm-942">
         <name>__IQ24int</name>
         <value>0xed6f</value>
         <object_component_ref idref="oc-15b"/>
      </symbol>
      <symbol id="sm-94d">
         <name>__IQ24log</name>
         <value>0xead7</value>
         <object_component_ref idref="oc-15c"/>
      </symbol>
      <symbol id="sm-958">
         <name>__IQ24sinPU</name>
         <value>0xed00</value>
         <object_component_ref idref="oc-15d"/>
      </symbol>
      <symbol id="sm-962">
         <name>__IQ24sqrt</name>
         <value>0xec44</value>
         <object_component_ref idref="oc-15e"/>
      </symbol>
      <symbol id="sm-96c">
         <name>__IQ30toF</name>
         <value>0xed50</value>
         <object_component_ref idref="oc-15f"/>
      </symbol>
      <symbol id="sm-985">
         <name>_c_int00</name>
         <value>0xe0bb</value>
         <object_component_ref idref="oc-13"/>
      </symbol>
      <symbol id="sm-986">
         <name>__stack</name>
         <value>0x400</value>
         <object_component_ref idref="oc-160"/>
      </symbol>
      <symbol id="sm-996">
         <name>__args_main</name>
         <value>0xe39e</value>
         <object_component_ref idref="oc-1ad"/>
      </symbol>
      <symbol id="sm-9a5">
         <name>_cos</name>
         <value>0xd81d</value>
         <object_component_ref idref="oc-1bd"/>
      </symbol>
      <symbol id="sm-9b9">
         <name>C$$EXIT</name>
         <value>0xe3b7</value>
         <object_component_ref idref="oc-1ae"/>
      </symbol>
      <symbol id="sm-9ba">
         <name>_exit</name>
         <value>0xe3b9</value>
         <object_component_ref idref="oc-1ae"/>
      </symbol>
      <symbol id="sm-9bb">
         <name>___TI_cleanup_ptr</name>
         <value>0xe474</value>
         <object_component_ref idref="oc-172"/>
      </symbol>
      <symbol id="sm-9bc">
         <name>_abort</name>
         <value>0xe3b7</value>
         <object_component_ref idref="oc-1ae"/>
      </symbol>
      <symbol id="sm-9bd">
         <name>___TI_dtors_ptr</name>
         <value>0xe476</value>
         <object_component_ref idref="oc-172"/>
      </symbol>
      <symbol id="sm-9d2">
         <name>__unlock</name>
         <value>0xe47a</value>
         <object_component_ref idref="oc-1d9"/>
      </symbol>
      <symbol id="sm-9d3">
         <name>__lock</name>
         <value>0xe478</value>
         <object_component_ref idref="oc-1b3"/>
      </symbol>
      <symbol id="sm-9d4">
         <name>__register_lock</name>
         <value>0xe45c</value>
         <object_component_ref idref="oc-1d1"/>
      </symbol>
      <symbol id="sm-9d5">
         <name>__nop</name>
         <value>0xe460</value>
         <object_component_ref idref="oc-1d1"/>
      </symbol>
      <symbol id="sm-9d6">
         <name>__register_unlock</name>
         <value>0xe458</value>
         <object_component_ref idref="oc-1d1"/>
      </symbol>
      <symbol id="sm-9e9">
         <name>_log</name>
         <value>0xd6d1</value>
         <object_component_ref idref="oc-1d5"/>
      </symbol>
      <symbol id="sm-9f4">
         <name>_errno</name>
         <value>0xe962</value>
         <object_component_ref idref="oc-183"/>
      </symbol>
      <symbol id="sm-a04">
         <name>_frexp</name>
         <value>0xe414</value>
         <object_component_ref idref="oc-1db"/>
      </symbol>
      <symbol id="sm-a14">
         <name>_modf</name>
         <value>0xe1e9</value>
         <object_component_ref idref="oc-1d3"/>
      </symbol>
      <symbol id="sm-a2a">
         <name>_pow</name>
         <value>0xd9c9</value>
         <object_component_ref idref="oc-1d6"/>
      </symbol>
      <symbol id="sm-a38">
         <name>I$$MOD</name>
         <value>0xe2a5</value>
         <object_component_ref idref="oc-194"/>
      </symbol>
      <symbol id="sm-a39">
         <name>I$$DIV</name>
         <value>0xe294</value>
         <object_component_ref idref="oc-194"/>
      </symbol>
      <symbol id="sm-a48">
         <name>__log</name>
         <value>0xd8ae</value>
         <object_component_ref idref="oc-1dc"/>
      </symbol>
      <symbol id="sm-a59">
         <name>_exp</name>
         <value>0xd77e</value>
         <object_component_ref idref="oc-1dd"/>
      </symbol>
      <symbol id="sm-a6c">
         <name>_ldexp</name>
         <value>0xe0ff</value>
         <object_component_ref idref="oc-1da"/>
      </symbol>
      <symbol id="sm-a6e">
         <name>_s0_calc</name>
         <value>0x3fb9dd</value>
      </symbol>
      <symbol id="sm-a70">
         <name>_s0_conf</name>
         <value>0x3fb9ad</value>
      </symbol>
      <symbol id="sm-a72">
         <name>_s1_calc</name>
         <value>0x3fb65f</value>
      </symbol>
      <symbol id="sm-a74">
         <name>_s2_calc</name>
         <value>0x3fbae7</value>
      </symbol>
      <symbol id="sm-a76">
         <name>_s4_calc</name>
         <value>0x3fbb85</value>
      </symbol>
      <symbol id="sm-a78">
         <name>_s4_conf</name>
         <value>0x3fbc34</value>
      </symbol>
      <symbol id="sm-a7a">
         <name>_s4_reset</name>
         <value>0x3fbc58</value>
      </symbol>
      <symbol id="sm-a7c">
         <name>_spintac_rom_ver</name>
         <value>0x3fbc6d</value>
      </symbol>
      <symbol id="sm-a8c">
         <name>_sqrt</name>
         <value>0xdf3c</value>
         <object_component_ref idref="oc-1d4"/>
      </symbol>
   </symbol_table>
   <title>Link successful</title>
</link_info>
